  Determining projects to restore...
C:\Users\tophu\source\repos\uit-go\TripService\TripService.IntegrationTests\TripService.IntegrationTests.csproj : warning NU1902: Package 'Microsoft.IdentityModel.JsonWebTokens' 7.0.3 has a known moderate severity vulnerability, https://github.com/advisories/GHSA-59j7-ghrg-fj52
C:\Users\tophu\source\repos\uit-go\TripService\TripService.IntegrationTests\TripService.IntegrationTests.csproj : warning NU1902: Package 'System.IdentityModel.Tokens.Jwt' 7.0.3 has a known moderate severity vulnerability, https://github.com/advisories/GHSA-59j7-ghrg-fj52
  All projects are up-to-date for restore.
C:\Users\tophu\source\repos\uit-go\TripService\TripService.IntegrationTests\TripService.IntegrationTests.csproj : warning NU1902: Package 'Microsoft.IdentityModel.JsonWebTokens' 7.0.3 has a known moderate severity vulnerability, https://github.com/advisories/GHSA-59j7-ghrg-fj52
C:\Users\tophu\source\repos\uit-go\TripService\TripService.IntegrationTests\TripService.IntegrationTests.csproj : warning NU1902: Package 'System.IdentityModel.Tokens.Jwt' 7.0.3 has a known moderate severity vulnerability, https://github.com/advisories/GHSA-59j7-ghrg-fj52
  Messaging.RabbitMQ -> C:\Users\tophu\source\repos\uit-go\Message\Messaging.RabbitMQ\bin\Debug\net8.0\Messaging.RabbitMQ.dll
  Messaging.Contracts -> C:\Users\tophu\source\repos\uit-go\Message\Messaging.Contracts\bin\Debug\net8.0\Messaging.Contracts.dll
  TripService.Domain -> C:\Users\tophu\source\repos\uit-go\TripService\TripService.Domain\bin\Debug\net8.0\TripService.Domain.dll
  TripService.Application -> C:\Users\tophu\source\repos\uit-go\TripService\TripService.Application\bin\Debug\net8.0\TripService.Application.dll
  TripService.Infrastructure -> C:\Users\tophu\source\repos\uit-go\TripService\TripService.Infrastructure\bin\Debug\net8.0\TripService.Infrastructure.dll
  TripService.Api -> C:\Users\tophu\source\repos\uit-go\TripService\TripService.Api\bin\Debug\net8.0\TripService.Api.dll
  TripService.IntegrationTests -> C:\Users\tophu\source\repos\uit-go\TripService\TripService.IntegrationTests\bin\Debug\net10.0\TripService.IntegrationTests.dll
Test run for C:\Users\tophu\source\repos\uit-go\TripService\TripService.IntegrationTests\bin\Debug\net10.0\TripService.IntegrationTests.dll (.NETCoreApp,Version=v10.0)
VSTest version 18.0.1 (x64)

Starting test execution, please wait...
A total of 1 test files matched the specified pattern.
[xUnit.net 00:00:00.00] xUnit.net VSTest Adapter v3.1.4+50e68bbb8b (64-bit .NET 10.0.0)
[xUnit.net 00:00:00.09]   Discovering: TripService.IntegrationTests
[xUnit.net 00:00:00.13]   Discovered:  TripService.IntegrationTests
[xUnit.net 00:00:00.16]   Starting:    TripService.IntegrationTests
[testcontainers.org 00:00:00.12] Connected to Docker:
  Host: tcp://localhost:2375/
  Server Version: 28.5.1
  Kernel Version: 6.6.87.2-microsoft-standard-WSL2
  API Version: 1.51
  Operating System: Docker Desktop
  Total Memory: 11.29 GB
  Labels: 
    com.docker.desktop.address=npipe://\\.\pipe\docker_cli
[testcontainers.org 00:00:00.38] Docker container 920b616958e3 created
[testcontainers.org 00:00:00.44] Start Docker container 920b616958e3
[testcontainers.org 00:00:00.73] Wait for Docker container 920b616958e3 to complete readiness checks
[testcontainers.org 00:00:00.74] Docker container 920b616958e3 ready
[testcontainers.org 00:00:01.05] Docker container 799d26ef724f created
[testcontainers.org 00:00:01.06] Docker container dc3f5f7ef333 created
[testcontainers.org 00:00:01.07] Start Docker container 799d26ef724f
[testcontainers.org 00:00:01.07] Docker container c5f8355a3769 created
[testcontainers.org 00:00:01.07] Start Docker container dc3f5f7ef333
[testcontainers.org 00:00:01.09] Start Docker container c5f8355a3769
[testcontainers.org 00:00:01.51] Wait for Docker container c5f8355a3769 to complete readiness checks
[testcontainers.org 00:00:01.53] Execute "pg_isready --host localhost --dbname tripservice_test --username test" at Docker container c5f8355a3769
[testcontainers.org 00:00:01.55] Wait for Docker container dc3f5f7ef333 to complete readiness checks
[testcontainers.org 00:00:01.57] Execute "pg_isready --host localhost --dbname tripservice_test --username test" at Docker container dc3f5f7ef333
[testcontainers.org 00:00:01.61] Wait for Docker container 799d26ef724f to complete readiness checks
[testcontainers.org 00:00:01.62] Execute "pg_isready --host localhost --dbname tripservice_test --username test" at Docker container 799d26ef724f
[testcontainers.org 00:00:02.68] Execute "pg_isready --host localhost --dbname tripservice_test --username test" at Docker container dc3f5f7ef333
[testcontainers.org 00:00:02.68] Execute "pg_isready --host localhost --dbname tripservice_test --username test" at Docker container c5f8355a3769
[testcontainers.org 00:00:02.74] Execute "pg_isready --host localhost --dbname tripservice_test --username test" at Docker container 799d26ef724f
[testcontainers.org 00:00:03.79] Execute "pg_isready --host localhost --dbname tripservice_test --username test" at Docker container dc3f5f7ef333
[testcontainers.org 00:00:03.79] Execute "pg_isready --host localhost --dbname tripservice_test --username test" at Docker container c5f8355a3769
[testcontainers.org 00:00:03.82] Execute "pg_isready --host localhost --dbname tripservice_test --username test" at Docker container 799d26ef724f
[testcontainers.org 00:00:03.88] Docker container c5f8355a3769 ready
[testcontainers.org 00:00:03.88] Docker container dc3f5f7ef333 ready
[testcontainers.org 00:00:03.90] Docker container 799d26ef724f ready
[testcontainers.org 00:00:04.37] Docker container f9b1e94310b9 created
[testcontainers.org 00:00:04.38] Start Docker container f9b1e94310b9
[testcontainers.org 00:00:04.40] Docker container 9f102a70530f created
[testcontainers.org 00:00:04.40] Docker container b4be920ab29f created
[testcontainers.org 00:00:04.42] Start Docker container 9f102a70530f
[testcontainers.org 00:00:04.42] Start Docker container b4be920ab29f
[testcontainers.org 00:00:04.73] Wait for Docker container f9b1e94310b9 to complete readiness checks
[testcontainers.org 00:00:04.74] Execute "redis-cli ping" at Docker container f9b1e94310b9
[testcontainers.org 00:00:04.78] Wait for Docker container b4be920ab29f to complete readiness checks
[testcontainers.org 00:00:04.80] Execute "redis-cli ping" at Docker container b4be920ab29f
[testcontainers.org 00:00:04.83] Docker container f9b1e94310b9 ready
[testcontainers.org 00:00:04.83] Wait for Docker container 9f102a70530f to complete readiness checks
[testcontainers.org 00:00:04.84] Execute "redis-cli ping" at Docker container 9f102a70530f
[testcontainers.org 00:00:04.89] Docker container b4be920ab29f ready
[testcontainers.org 00:00:04.91] Docker container 9f102a70530f ready
[testcontainers.org 00:00:05.06] Docker container 20d4afb1cba3 created
[testcontainers.org 00:00:05.08] Start Docker container 20d4afb1cba3
[testcontainers.org 00:00:05.16] Docker container ba35ce672f7f created
[testcontainers.org 00:00:05.18] Start Docker container ba35ce672f7f
[testcontainers.org 00:00:05.22] Docker container ff3694f050c7 created
[testcontainers.org 00:00:05.23] Start Docker container ff3694f050c7
[testcontainers.org 00:00:05.41] Wait for Docker container 20d4afb1cba3 to complete readiness checks
[testcontainers.org 00:00:05.53] Wait for Docker container ba35ce672f7f to complete readiness checks
[testcontainers.org 00:00:05.61] Wait for Docker container ff3694f050c7 to complete readiness checks
[testcontainers.org 00:00:19.85] Docker container ba35ce672f7f ready
[testcontainers.org 00:00:20.80] Docker container 20d4afb1cba3 ready
[testcontainers.org 00:00:20.93] Docker container ff3694f050c7 ready
info: Microsoft.Hosting.Lifetime[0]
      Application started. Press Ctrl+C to shut down.
info: Microsoft.Hosting.Lifetime[0]
      Hosting environment: Testing
info: Microsoft.Hosting.Lifetime[0]
      Content root path: C:\Users\tophu\source\repos\uit-go\TripService\TripService.Api
=== Applying migrations to: Host=localhost;Port=49337;Database=tripservice_test;Username=test;Password=test ===
info: Microsoft.EntityFrameworkCore.Database.Command[20101]
      Executed DbCommand (35ms) [Parameters=[], CommandType='Text', CommandTimeout='30']
      SELECT EXISTS (
    SELECT 1 FROM pg_catalog.pg_class c
    JOIN pg_catalog.pg_namespace n ON n.oid=c.relnamespace
    WHERE n.nspname='public' AND
          c.relname='__EFMigrationsHistory'
)
Pending migrations: 20251101134456_Initial Create, 20251102140556_change trip attributes, 20251130140729_AddTripStateTracking
info: Microsoft.EntityFrameworkCore.Database.Command[20101]
      Executed DbCommand (3ms) [Parameters=[], CommandType='Text', CommandTimeout='30']
      SELECT EXISTS (
    SELECT 1 FROM pg_catalog.pg_class c
    JOIN pg_catalog.pg_namespace n ON n.oid=c.relnamespace
    WHERE n.nspname='public' AND
          c.relname='__EFMigrationsHistory'
)
info: Microsoft.EntityFrameworkCore.Database.Command[20101]
      Executed DbCommand (1ms) [Parameters=[], CommandType='Text', CommandTimeout='30']
      SELECT EXISTS (
    SELECT 1 FROM pg_catalog.pg_class c
    JOIN pg_catalog.pg_namespace n ON n.oid=c.relnamespace
    WHERE n.nspname='public' AND
          c.relname='__EFMigrationsHistory'
)
info: Microsoft.EntityFrameworkCore.Database.Command[20101]
      Executed DbCommand (8ms) [Parameters=[], CommandType='Text', CommandTimeout='30']
      CREATE TABLE "__EFMigrationsHistory" (
          "MigrationId" character varying(150) NOT NULL,
          "ProductVersion" character varying(32) NOT NULL,
          CONSTRAINT "PK___EFMigrationsHistory" PRIMARY KEY ("MigrationId")
      );
info: Microsoft.EntityFrameworkCore.Database.Command[20101]
      Executed DbCommand (1ms) [Parameters=[], CommandType='Text', CommandTimeout='30']
      SELECT EXISTS (
    SELECT 1 FROM pg_catalog.pg_class c
    JOIN pg_catalog.pg_namespace n ON n.oid=c.relnamespace
    WHERE n.nspname='public' AND
          c.relname='__EFMigrationsHistory'
)
info: Microsoft.EntityFrameworkCore.Database.Command[20101]
      Executed DbCommand (2ms) [Parameters=[], CommandType='Text', CommandTimeout='30']
      SELECT "MigrationId", "ProductVersion"
      FROM "__EFMigrationsHistory"
      ORDER BY "MigrationId";
info: Microsoft.EntityFrameworkCore.Migrations[20402]
      Applying migration '20251101134456_Initial Create'.
info: Microsoft.EntityFrameworkCore.Database.Command[20101]
      Executed DbCommand (5ms) [Parameters=[], CommandType='Text', CommandTimeout='30']
      CREATE TABLE "Trips" (
          "Id" uuid NOT NULL,
          "RiderId" uuid NOT NULL,
          "DriverId" uuid,
          "StartLat" double precision NOT NULL,
          "StartLng" double precision NOT NULL,
          "EndLat" double precision NOT NULL,
          "EndLng" double precision NOT NULL,
          "Status" text NOT NULL,
          "CreatedAt" timestamp with time zone NOT NULL,
          CONSTRAINT "PK_Trips" PRIMARY KEY ("Id")
      );
info: Microsoft.EntityFrameworkCore.Database.Command[20101]
      Executed DbCommand (1ms) [Parameters=[], CommandType='Text', CommandTimeout='30']
      INSERT INTO "__EFMigrationsHistory" ("MigrationId", "ProductVersion")
      VALUES ('20251101134456_Initial Create', '8.0.21');
info: Microsoft.EntityFrameworkCore.Migrations[20402]
      Applying migration '20251102140556_change trip attributes'.
info: Microsoft.EntityFrameworkCore.Database.Command[20101]
      Executed DbCommand (1ms) [Parameters=[], CommandType='Text', CommandTimeout='30']
      ALTER TABLE "Trips" RENAME COLUMN "RiderId" TO "PassengerId";
info: Microsoft.EntityFrameworkCore.Database.Command[20101]
      Executed DbCommand (2ms) [Parameters=[], CommandType='Text', CommandTimeout='30']
      ALTER TABLE "Trips" RENAME COLUMN "DriverId" TO "AssignedDriverId";
info: Microsoft.EntityFrameworkCore.Database.Command[20101]
      Executed DbCommand (1ms) [Parameters=[], CommandType='Text', CommandTimeout='30']
      INSERT INTO "__EFMigrationsHistory" ("MigrationId", "ProductVersion")
      VALUES ('20251102140556_change trip attributes', '8.0.21');
info: Microsoft.EntityFrameworkCore.Migrations[20402]
      Applying migration '20251130140729_AddTripStateTracking'.
info: Microsoft.EntityFrameworkCore.Database.Command[20101]
      Executed DbCommand (1ms) [Parameters=[], CommandType='Text', CommandTimeout='30']
      ALTER TABLE "Trips" ADD "CancellationReason" text;
info: Microsoft.EntityFrameworkCore.Database.Command[20101]
      Executed DbCommand (1ms) [Parameters=[], CommandType='Text', CommandTimeout='30']
      ALTER TABLE "Trips" ADD "CancelledAt" timestamp with time zone;
info: Microsoft.EntityFrameworkCore.Database.Command[20101]
      Executed DbCommand (1ms) [Parameters=[], CommandType='Text', CommandTimeout='30']
      ALTER TABLE "Trips" ADD "DriverAcceptedAt" timestamp with time zone;
info: Microsoft.EntityFrameworkCore.Database.Command[20101]
      Executed DbCommand (1ms) [Parameters=[], CommandType='Text', CommandTimeout='30']
      ALTER TABLE "Trips" ADD "DriverArrivedAt" timestamp with time zone;
info: Microsoft.EntityFrameworkCore.Database.Command[20101]
      Executed DbCommand (1ms) [Parameters=[], CommandType='Text', CommandTimeout='30']
      ALTER TABLE "Trips" ADD "DriverAssignedAt" timestamp with time zone;
info: Microsoft.EntityFrameworkCore.Database.Command[20101]
      Executed DbCommand (2ms) [Parameters=[], CommandType='Text', CommandTimeout='30']
      ALTER TABLE "Trips" ADD "DriverRetryCount" integer NOT NULL DEFAULT 0;
info: Microsoft.EntityFrameworkCore.Database.Command[20101]
      Executed DbCommand (1ms) [Parameters=[], CommandType='Text', CommandTimeout='30']
      ALTER TABLE "Trips" ADD "LastStatusChangeAt" timestamp with time zone;
info: Microsoft.EntityFrameworkCore.Database.Command[20101]
      Executed DbCommand (1ms) [Parameters=[], CommandType='Text', CommandTimeout='30']
      ALTER TABLE "Trips" ADD "TripCompletedAt" timestamp with time zone;
info: Microsoft.EntityFrameworkCore.Database.Command[20101]
      Executed DbCommand (1ms) [Parameters=[], CommandType='Text', CommandTimeout='30']
      ALTER TABLE "Trips" ADD "TripStartedAt" timestamp with time zone;
info: Microsoft.EntityFrameworkCore.Database.Command[20101]
      Executed DbCommand (0ms) [Parameters=[], CommandType='Text', CommandTimeout='30']
      INSERT INTO "__EFMigrationsHistory" ("MigrationId", "ProductVersion")
      VALUES ('20251130140729_AddTripStateTracking', '8.0.21');
info: Microsoft.EntityFrameworkCore.Database.Command[20101]
      Executed DbCommand (1ms) [Parameters=[], CommandType='Text', CommandTimeout='30']
      SELECT EXISTS (
    SELECT 1 FROM pg_catalog.pg_class c
    JOIN pg_catalog.pg_namespace n ON n.oid=c.relnamespace
    WHERE n.nspname='public' AND
          c.relname='__EFMigrationsHistory'
)
info: Microsoft.EntityFrameworkCore.Database.Command[20101]
      Executed DbCommand (1ms) [Parameters=[], CommandType='Text', CommandTimeout='30']
      SELECT "MigrationId", "ProductVersion"
      FROM "__EFMigrationsHistory"
      ORDER BY "MigrationId";
Applied migrations: 20251101134456_Initial Create, 20251102140556_change trip attributes, 20251130140729_AddTripStateTracking
=== Migrations applied successfully ===
fail: Microsoft.EntityFrameworkCore.Database.Command[20102]
      Failed executing DbCommand (5ms) [Parameters=[], CommandType='Text', CommandTimeout='30']
      DELETE FROM trips
[xUnit.net 00:00:29.29]     TripService.IntegrationTests.TripCreationTests.CreateTrip_WithMultipleDrivers_ShouldAssignNearestDriver [FAIL]
[xUnit.net 00:00:29.29]       Npgsql.PostgresException : 42P01: relation "trips" does not exist
[xUnit.net 00:00:29.29]       
[xUnit.net 00:00:29.29]       POSITION: 13
[xUnit.net 00:00:29.29]       Stack Trace:
[xUnit.net 00:00:29.29]            at Npgsql.Internal.NpgsqlConnector.ReadMessageLong(Boolean async, DataRowLoadingMode dataRowLoadingMode, Boolean readingNotifications, Boolean isReadingPrependedMessage)
[xUnit.net 00:00:29.29]            at System.Runtime.CompilerServices.PoolingAsyncValueTaskMethodBuilder`1.StateMachineBox`1.System.Threading.Tasks.Sources.IValueTaskSource<TResult>.GetResult(Int16 token)
[xUnit.net 00:00:29.29]            at Npgsql.NpgsqlDataReader.NextResult(Boolean async, Boolean isConsuming, CancellationToken cancellationToken)
[xUnit.net 00:00:29.29]            at Npgsql.NpgsqlDataReader.NextResult(Boolean async, Boolean isConsuming, CancellationToken cancellationToken)
[xUnit.net 00:00:29.29]            at Npgsql.NpgsqlCommand.ExecuteReader(Boolean async, CommandBehavior behavior, CancellationToken cancellationToken)
[xUnit.net 00:00:29.29]            at Npgsql.NpgsqlCommand.ExecuteReader(Boolean async, CommandBehavior behavior, CancellationToken cancellationToken)
[xUnit.net 00:00:29.29]            at Npgsql.NpgsqlCommand.ExecuteNonQuery(Boolean async, CancellationToken cancellationToken)
[xUnit.net 00:00:29.29]            at Microsoft.EntityFrameworkCore.Storage.RelationalCommand.ExecuteNonQueryAsync(RelationalCommandParameterObject parameterObject, CancellationToken cancellationToken)
[xUnit.net 00:00:29.29]            at Microsoft.EntityFrameworkCore.Storage.RelationalCommand.ExecuteNonQueryAsync(RelationalCommandParameterObject parameterObject, CancellationToken cancellationToken)
[xUnit.net 00:00:29.29]            at Microsoft.EntityFrameworkCore.Storage.RelationalCommand.ExecuteNonQueryAsync(RelationalCommandParameterObject parameterObject, CancellationToken cancellationToken)
[xUnit.net 00:00:29.29]            at Microsoft.EntityFrameworkCore.RelationalDatabaseFacadeExtensions.ExecuteSqlRawAsync(DatabaseFacade databaseFacade, String sql, IEnumerable`1 parameters, CancellationToken cancellationToken)
[xUnit.net 00:00:29.29]         C:\Users\tophu\source\repos\uit-go\TripService\TripService.IntegrationTests\TripCreationTests.cs(32,0): at TripService.IntegrationTests.TripCreationTests.InitializeAsync()
fail: Microsoft.EntityFrameworkCore.Database.Command[20102]
      Failed executing DbCommand (2ms) [Parameters=[], CommandType='Text', CommandTimeout='30']
      DELETE FROM trips
[xUnit.net 00:00:29.36]     TripService.IntegrationTests.TripCreationTests.CreateTrip_Concurrently_ShouldNotAssignSameDriverToMultipleTrips [FAIL]
[xUnit.net 00:00:29.36]       Npgsql.PostgresException : 42P01: relation "trips" does not exist
[xUnit.net 00:00:29.36]       
[xUnit.net 00:00:29.36]       POSITION: 13
[xUnit.net 00:00:29.36]       Stack Trace:
[xUnit.net 00:00:29.36]            at Npgsql.Internal.NpgsqlConnector.ReadMessageLong(Boolean async, DataRowLoadingMode dataRowLoadingMode, Boolean readingNotifications, Boolean isReadingPrependedMessage)
[xUnit.net 00:00:29.36]            at System.Runtime.CompilerServices.PoolingAsyncValueTaskMethodBuilder`1.StateMachineBox`1.System.Threading.Tasks.Sources.IValueTaskSource<TResult>.GetResult(Int16 token)
[xUnit.net 00:00:29.36]            at Npgsql.NpgsqlDataReader.NextResult(Boolean async, Boolean isConsuming, CancellationToken cancellationToken)
[xUnit.net 00:00:29.36]            at Npgsql.NpgsqlDataReader.NextResult(Boolean async, Boolean isConsuming, CancellationToken cancellationToken)
[xUnit.net 00:00:29.36]            at Npgsql.NpgsqlCommand.ExecuteReader(Boolean async, CommandBehavior behavior, CancellationToken cancellationToken)
[xUnit.net 00:00:29.36]            at Npgsql.NpgsqlCommand.ExecuteReader(Boolean async, CommandBehavior behavior, CancellationToken cancellationToken)
[xUnit.net 00:00:29.36]            at Npgsql.NpgsqlCommand.ExecuteNonQuery(Boolean async, CancellationToken cancellationToken)
[xUnit.net 00:00:29.36]            at Microsoft.EntityFrameworkCore.Storage.RelationalCommand.ExecuteNonQueryAsync(RelationalCommandParameterObject parameterObject, CancellationToken cancellationToken)
[xUnit.net 00:00:29.36]            at Microsoft.EntityFrameworkCore.Storage.RelationalCommand.ExecuteNonQueryAsync(RelationalCommandParameterObject parameterObject, CancellationToken cancellationToken)
[xUnit.net 00:00:29.36]            at Microsoft.EntityFrameworkCore.Storage.RelationalCommand.ExecuteNonQueryAsync(RelationalCommandParameterObject parameterObject, CancellationToken cancellationToken)
[xUnit.net 00:00:29.36]            at Microsoft.EntityFrameworkCore.RelationalDatabaseFacadeExtensions.ExecuteSqlRawAsync(DatabaseFacade databaseFacade, String sql, IEnumerable`1 parameters, CancellationToken cancellationToken)
[xUnit.net 00:00:29.36]         C:\Users\tophu\source\repos\uit-go\TripService\TripService.IntegrationTests\TripCreationTests.cs(32,0): at TripService.IntegrationTests.TripCreationTests.InitializeAsync()
fail: Microsoft.EntityFrameworkCore.Database.Command[20102]
      Failed executing DbCommand (1ms) [Parameters=[], CommandType='Text', CommandTimeout='30']
      DELETE FROM trips
[xUnit.net 00:00:29.36]     TripService.IntegrationTests.TripCreationTests.CreateTrip_WithNoDriversOnline_ShouldReturnNoDriverAvailable [FAIL]
[xUnit.net 00:00:29.36]       Npgsql.PostgresException : 42P01: relation "trips" does not exist
[xUnit.net 00:00:29.36]       
[xUnit.net 00:00:29.36]       POSITION: 13
[xUnit.net 00:00:29.36]       Stack Trace:
[xUnit.net 00:00:29.36]            at Npgsql.Internal.NpgsqlConnector.ReadMessageLong(Boolean async, DataRowLoadingMode dataRowLoadingMode, Boolean readingNotifications, Boolean isReadingPrependedMessage)
[xUnit.net 00:00:29.36]            at System.Runtime.CompilerServices.PoolingAsyncValueTaskMethodBuilder`1.StateMachineBox`1.System.Threading.Tasks.Sources.IValueTaskSource<TResult>.GetResult(Int16 token)
[xUnit.net 00:00:29.36]            at Npgsql.NpgsqlDataReader.NextResult(Boolean async, Boolean isConsuming, CancellationToken cancellationToken)
[xUnit.net 00:00:29.36]            at Npgsql.NpgsqlDataReader.NextResult(Boolean async, Boolean isConsuming, CancellationToken cancellationToken)
[xUnit.net 00:00:29.36]            at Npgsql.NpgsqlCommand.ExecuteReader(Boolean async, CommandBehavior behavior, CancellationToken cancellationToken)
[xUnit.net 00:00:29.36]            at Npgsql.NpgsqlCommand.ExecuteReader(Boolean async, CommandBehavior behavior, CancellationToken cancellationToken)
[xUnit.net 00:00:29.36]            at Npgsql.NpgsqlCommand.ExecuteNonQuery(Boolean async, CancellationToken cancellationToken)
[xUnit.net 00:00:29.36]            at Microsoft.EntityFrameworkCore.Storage.RelationalCommand.ExecuteNonQueryAsync(RelationalCommandParameterObject parameterObject, CancellationToken cancellationToken)
[xUnit.net 00:00:29.36]            at Microsoft.EntityFrameworkCore.Storage.RelationalCommand.ExecuteNonQueryAsync(RelationalCommandParameterObject parameterObject, CancellationToken cancellationToken)
[xUnit.net 00:00:29.36]            at Microsoft.EntityFrameworkCore.Storage.RelationalCommand.ExecuteNonQueryAsync(RelationalCommandParameterObject parameterObject, CancellationToken cancellationToken)
[xUnit.net 00:00:29.36]            at Microsoft.EntityFrameworkCore.RelationalDatabaseFacadeExtensions.ExecuteSqlRawAsync(DatabaseFacade databaseFacade, String sql, IEnumerable`1 parameters, CancellationToken cancellationToken)
[xUnit.net 00:00:29.36]         C:\Users\tophu\source\repos\uit-go\TripService\TripService.IntegrationTests\TripCreationTests.cs(32,0): at TripService.IntegrationTests.TripCreationTests.InitializeAsync()
fail: Microsoft.EntityFrameworkCore.Database.Command[20102]
      Failed executing DbCommand (1ms) [Parameters=[], CommandType='Text', CommandTimeout='30']
      DELETE FROM trips
[xUnit.net 00:00:29.36]     TripService.IntegrationTests.TripCreationTests.CreateTrip_WithDriverOnline_ShouldAssignDriver [FAIL]
[xUnit.net 00:00:29.36]       Npgsql.PostgresException : 42P01: relation "trips" does not exist
[xUnit.net 00:00:29.36]       
[xUnit.net 00:00:29.36]       POSITION: 13
[xUnit.net 00:00:29.36]       Stack Trace:
[xUnit.net 00:00:29.36]            at Npgsql.Internal.NpgsqlConnector.ReadMessageLong(Boolean async, DataRowLoadingMode dataRowLoadingMode, Boolean readingNotifications, Boolean isReadingPrependedMessage)
[xUnit.net 00:00:29.36]            at System.Runtime.CompilerServices.PoolingAsyncValueTaskMethodBuilder`1.StateMachineBox`1.System.Threading.Tasks.Sources.IValueTaskSource<TResult>.GetResult(Int16 token)
[xUnit.net 00:00:29.36]            at Npgsql.NpgsqlDataReader.NextResult(Boolean async, Boolean isConsuming, CancellationToken cancellationToken)
[xUnit.net 00:00:29.36]            at Npgsql.NpgsqlDataReader.NextResult(Boolean async, Boolean isConsuming, CancellationToken cancellationToken)
[xUnit.net 00:00:29.36]            at Npgsql.NpgsqlCommand.ExecuteReader(Boolean async, CommandBehavior behavior, CancellationToken cancellationToken)
[xUnit.net 00:00:29.36]            at Npgsql.NpgsqlCommand.ExecuteReader(Boolean async, CommandBehavior behavior, CancellationToken cancellationToken)
[xUnit.net 00:00:29.36]            at Npgsql.NpgsqlCommand.ExecuteNonQuery(Boolean async, CancellationToken cancellationToken)
[xUnit.net 00:00:29.36]            at Microsoft.EntityFrameworkCore.Storage.RelationalCommand.ExecuteNonQueryAsync(RelationalCommandParameterObject parameterObject, CancellationToken cancellationToken)
[xUnit.net 00:00:29.36]            at Microsoft.EntityFrameworkCore.Storage.RelationalCommand.ExecuteNonQueryAsync(RelationalCommandParameterObject parameterObject, CancellationToken cancellationToken)
[xUnit.net 00:00:29.36]            at Microsoft.EntityFrameworkCore.Storage.RelationalCommand.ExecuteNonQueryAsync(RelationalCommandParameterObject parameterObject, CancellationToken cancellationToken)
[xUnit.net 00:00:29.36]            at Microsoft.EntityFrameworkCore.RelationalDatabaseFacadeExtensions.ExecuteSqlRawAsync(DatabaseFacade databaseFacade, String sql, IEnumerable`1 parameters, CancellationToken cancellationToken)
[xUnit.net 00:00:29.36]         C:\Users\tophu\source\repos\uit-go\TripService\TripService.IntegrationTests\TripCreationTests.cs(32,0): at TripService.IntegrationTests.TripCreationTests.InitializeAsync()
[testcontainers.org 00:00:29.07] Delete Docker container c5f8355a3769
[testcontainers.org 00:00:29.52] Delete Docker container b4be920ab29f
[testcontainers.org 00:00:29.91] Delete Docker container ba35ce672f7f
info: Microsoft.Hosting.Lifetime[0]
      Application is shutting down...
  Failed TripService.IntegrationTests.TripCreationTests.CreateTrip_WithMultipleDrivers_ShouldAssignNearestDriver [1 ms]
  Error Message:
   Npgsql.PostgresException : 42P01: relation "trips" does not exist

POSITION: 13
  Stack Trace:
     at Npgsql.Internal.NpgsqlConnector.ReadMessageLong(Boolean async, DataRowLoadingMode dataRowLoadingMode, Boolean readingNotifications, Boolean isReadingPrependedMessage)
   at System.Runtime.CompilerServices.PoolingAsyncValueTaskMethodBuilder`1.StateMachineBox`1.System.Threading.Tasks.Sources.IValueTaskSource<TResult>.GetResult(Int16 token)
   at Npgsql.NpgsqlDataReader.NextResult(Boolean async, Boolean isConsuming, CancellationToken cancellationToken)
   at Npgsql.NpgsqlDataReader.NextResult(Boolean async, Boolean isConsuming, CancellationToken cancellationToken)
   at Npgsql.NpgsqlCommand.ExecuteReader(Boolean async, CommandBehavior behavior, CancellationToken cancellationToken)
   at Npgsql.NpgsqlCommand.ExecuteReader(Boolean async, CommandBehavior behavior, CancellationToken cancellationToken)
   at Npgsql.NpgsqlCommand.ExecuteNonQuery(Boolean async, CancellationToken cancellationToken)
   at Microsoft.EntityFrameworkCore.Storage.RelationalCommand.ExecuteNonQueryAsync(RelationalCommandParameterObject parameterObject, CancellationToken cancellationToken)
   at Microsoft.EntityFrameworkCore.Storage.RelationalCommand.ExecuteNonQueryAsync(RelationalCommandParameterObject parameterObject, CancellationToken cancellationToken)
   at Microsoft.EntityFrameworkCore.Storage.RelationalCommand.ExecuteNonQueryAsync(RelationalCommandParameterObject parameterObject, CancellationToken cancellationToken)
   at Microsoft.EntityFrameworkCore.RelationalDatabaseFacadeExtensions.ExecuteSqlRawAsync(DatabaseFacade databaseFacade, String sql, IEnumerable`1 parameters, CancellationToken cancellationToken)
   at TripService.IntegrationTests.TripCreationTests.InitializeAsync() in C:\Users\tophu\source\repos\uit-go\TripService\TripService.IntegrationTests\TripCreationTests.cs:line 32
  Failed TripService.IntegrationTests.TripCreationTests.CreateTrip_Concurrently_ShouldNotAssignSameDriverToMultipleTrips [1 ms]
  Error Message:
   Npgsql.PostgresException : 42P01: relation "trips" does not exist

POSITION: 13
  Stack Trace:
     at Npgsql.Internal.NpgsqlConnector.ReadMessageLong(Boolean async, DataRowLoadingMode dataRowLoadingMode, Boolean readingNotifications, Boolean isReadingPrependedMessage)
   at System.Runtime.CompilerServices.PoolingAsyncValueTaskMethodBuilder`1.StateMachineBox`1.System.Threading.Tasks.Sources.IValueTaskSource<TResult>.GetResult(Int16 token)
   at Npgsql.NpgsqlDataReader.NextResult(Boolean async, Boolean isConsuming, CancellationToken cancellationToken)
   at Npgsql.NpgsqlDataReader.NextResult(Boolean async, Boolean isConsuming, CancellationToken cancellationToken)
   at Npgsql.NpgsqlCommand.ExecuteReader(Boolean async, CommandBehavior behavior, CancellationToken cancellationToken)
   at Npgsql.NpgsqlCommand.ExecuteReader(Boolean async, CommandBehavior behavior, CancellationToken cancellationToken)
   at Npgsql.NpgsqlCommand.ExecuteNonQuery(Boolean async, CancellationToken cancellationToken)
   at Microsoft.EntityFrameworkCore.Storage.RelationalCommand.ExecuteNonQueryAsync(RelationalCommandParameterObject parameterObject, CancellationToken cancellationToken)
   at Microsoft.EntityFrameworkCore.Storage.RelationalCommand.ExecuteNonQueryAsync(RelationalCommandParameterObject parameterObject, CancellationToken cancellationToken)
   at Microsoft.EntityFrameworkCore.Storage.RelationalCommand.ExecuteNonQueryAsync(RelationalCommandParameterObject parameterObject, CancellationToken cancellationToken)
   at Microsoft.EntityFrameworkCore.RelationalDatabaseFacadeExtensions.ExecuteSqlRawAsync(DatabaseFacade databaseFacade, String sql, IEnumerable`1 parameters, CancellationToken cancellationToken)
   at TripService.IntegrationTests.TripCreationTests.InitializeAsync() in C:\Users\tophu\source\repos\uit-go\TripService\TripService.IntegrationTests\TripCreationTests.cs:line 32
  Failed TripService.IntegrationTests.TripCreationTests.CreateTrip_WithNoDriversOnline_ShouldReturnNoDriverAvailable [1 ms]
  Error Message:
   Npgsql.PostgresException : 42P01: relation "trips" does not exist

POSITION: 13
  Stack Trace:
     at Npgsql.Internal.NpgsqlConnector.ReadMessageLong(Boolean async, DataRowLoadingMode dataRowLoadingMode, Boolean readingNotifications, Boolean isReadingPrependedMessage)
   at System.Runtime.CompilerServices.PoolingAsyncValueTaskMethodBuilder`1.StateMachineBox`1.System.Threading.Tasks.Sources.IValueTaskSource<TResult>.GetResult(Int16 token)
   at Npgsql.NpgsqlDataReader.NextResult(Boolean async, Boolean isConsuming, CancellationToken cancellationToken)
   at Npgsql.NpgsqlDataReader.NextResult(Boolean async, Boolean isConsuming, CancellationToken cancellationToken)
   at Npgsql.NpgsqlCommand.ExecuteReader(Boolean async, CommandBehavior behavior, CancellationToken cancellationToken)
   at Npgsql.NpgsqlCommand.ExecuteReader(Boolean async, CommandBehavior behavior, CancellationToken cancellationToken)
   at Npgsql.NpgsqlCommand.ExecuteNonQuery(Boolean async, CancellationToken cancellationToken)
   at Microsoft.EntityFrameworkCore.Storage.RelationalCommand.ExecuteNonQueryAsync(RelationalCommandParameterObject parameterObject, CancellationToken cancellationToken)
   at Microsoft.EntityFrameworkCore.Storage.RelationalCommand.ExecuteNonQueryAsync(RelationalCommandParameterObject parameterObject, CancellationToken cancellationToken)
   at Microsoft.EntityFrameworkCore.Storage.RelationalCommand.ExecuteNonQueryAsync(RelationalCommandParameterObject parameterObject, CancellationToken cancellationToken)
   at Microsoft.EntityFrameworkCore.RelationalDatabaseFacadeExtensions.ExecuteSqlRawAsync(DatabaseFacade databaseFacade, String sql, IEnumerable`1 parameters, CancellationToken cancellationToken)
   at TripService.IntegrationTests.TripCreationTests.InitializeAsync() in C:\Users\tophu\source\repos\uit-go\TripService\TripService.IntegrationTests\TripCreationTests.cs:line 32
  Failed TripService.IntegrationTests.TripCreationTests.CreateTrip_WithDriverOnline_ShouldAssignDriver [1 ms]
  Error Message:
   Npgsql.PostgresException : 42P01: relation "trips" does not exist

POSITION: 13
  Stack Trace:
     at Npgsql.Internal.NpgsqlConnector.ReadMessageLong(Boolean async, DataRowLoadingMode dataRowLoadingMode, Boolean readingNotifications, Boolean isReadingPrependedMessage)
   at System.Runtime.CompilerServices.PoolingAsyncValueTaskMethodBuilder`1.StateMachineBox`1.System.Threading.Tasks.Sources.IValueTaskSource<TResult>.GetResult(Int16 token)
   at Npgsql.NpgsqlDataReader.NextResult(Boolean async, Boolean isConsuming, CancellationToken cancellationToken)
   at Npgsql.NpgsqlDataReader.NextResult(Boolean async, Boolean isConsuming, CancellationToken cancellationToken)
   at Npgsql.NpgsqlCommand.ExecuteReader(Boolean async, CommandBehavior behavior, CancellationToken cancellationToken)
   at Npgsql.NpgsqlCommand.ExecuteReader(Boolean async, CommandBehavior behavior, CancellationToken cancellationToken)
   at Npgsql.NpgsqlCommand.ExecuteNonQuery(Boolean async, CancellationToken cancellationToken)
   at Microsoft.EntityFrameworkCore.Storage.RelationalCommand.ExecuteNonQueryAsync(RelationalCommandParameterObject parameterObject, CancellationToken cancellationToken)
   at Microsoft.EntityFrameworkCore.Storage.RelationalCommand.ExecuteNonQueryAsync(RelationalCommandParameterObject parameterObject, CancellationToken cancellationToken)
   at Microsoft.EntityFrameworkCore.Storage.RelationalCommand.ExecuteNonQueryAsync(RelationalCommandParameterObject parameterObject, CancellationToken cancellationToken)
   at Microsoft.EntityFrameworkCore.RelationalDatabaseFacadeExtensions.ExecuteSqlRawAsync(DatabaseFacade databaseFacade, String sql, IEnumerable`1 parameters, CancellationToken cancellationToken)
   at TripService.IntegrationTests.TripCreationTests.InitializeAsync() in C:\Users\tophu\source\repos\uit-go\TripService\TripService.IntegrationTests\TripCreationTests.cs:line 32
info: Microsoft.Hosting.Lifetime[0]
      Application started. Press Ctrl+C to shut down.
info: Microsoft.Hosting.Lifetime[0]
      Hosting environment: Testing
info: Microsoft.Hosting.Lifetime[0]
      Content root path: C:\Users\tophu\source\repos\uit-go\TripService\TripService.Api
=== Applying migrations to: Host=localhost;Port=49349;Database=tripservice_test;Username=test;Password=test ===
info: Microsoft.EntityFrameworkCore.Database.Command[20101]
      Executed DbCommand (1ms) [Parameters=[], CommandType='Text', CommandTimeout='30']
      SELECT EXISTS (
    SELECT 1 FROM pg_catalog.pg_class c
    JOIN pg_catalog.pg_namespace n ON n.oid=c.relnamespace
    WHERE n.nspname='public' AND
          c.relname='__EFMigrationsHistory'
)
Pending migrations: 20251101134456_Initial Create, 20251102140556_change trip attributes, 20251130140729_AddTripStateTracking
info: Microsoft.EntityFrameworkCore.Database.Command[20101]
      Executed DbCommand (1ms) [Parameters=[], CommandType='Text', CommandTimeout='30']
      SELECT EXISTS (
    SELECT 1 FROM pg_catalog.pg_class c
    JOIN pg_catalog.pg_namespace n ON n.oid=c.relnamespace
    WHERE n.nspname='public' AND
          c.relname='__EFMigrationsHistory'
)
info: Microsoft.EntityFrameworkCore.Database.Command[20101]
      Executed DbCommand (1ms) [Parameters=[], CommandType='Text', CommandTimeout='30']
      SELECT EXISTS (
    SELECT 1 FROM pg_catalog.pg_class c
    JOIN pg_catalog.pg_namespace n ON n.oid=c.relnamespace
    WHERE n.nspname='public' AND
          c.relname='__EFMigrationsHistory'
)
info: Microsoft.EntityFrameworkCore.Database.Command[20101]
      Executed DbCommand (6ms) [Parameters=[], CommandType='Text', CommandTimeout='30']
      CREATE TABLE "__EFMigrationsHistory" (
          "MigrationId" character varying(150) NOT NULL,
          "ProductVersion" character varying(32) NOT NULL,
          CONSTRAINT "PK___EFMigrationsHistory" PRIMARY KEY ("MigrationId")
      );
info: Microsoft.EntityFrameworkCore.Database.Command[20101]
      Executed DbCommand (1ms) [Parameters=[], CommandType='Text', CommandTimeout='30']
      SELECT EXISTS (
    SELECT 1 FROM pg_catalog.pg_class c
    JOIN pg_catalog.pg_namespace n ON n.oid=c.relnamespace
    WHERE n.nspname='public' AND
          c.relname='__EFMigrationsHistory'
)
info: Microsoft.EntityFrameworkCore.Database.Command[20101]
      Executed DbCommand (1ms) [Parameters=[], CommandType='Text', CommandTimeout='30']
      SELECT "MigrationId", "ProductVersion"
      FROM "__EFMigrationsHistory"
      ORDER BY "MigrationId";
info: Microsoft.EntityFrameworkCore.Migrations[20402]
      Applying migration '20251101134456_Initial Create'.
info: Microsoft.EntityFrameworkCore.Database.Command[20101]
      Executed DbCommand (4ms) [Parameters=[], CommandType='Text', CommandTimeout='30']
      CREATE TABLE "Trips" (
          "Id" uuid NOT NULL,
          "RiderId" uuid NOT NULL,
          "DriverId" uuid,
          "StartLat" double precision NOT NULL,
          "StartLng" double precision NOT NULL,
          "EndLat" double precision NOT NULL,
          "EndLng" double precision NOT NULL,
          "Status" text NOT NULL,
          "CreatedAt" timestamp with time zone NOT NULL,
          CONSTRAINT "PK_Trips" PRIMARY KEY ("Id")
      );
info: Microsoft.EntityFrameworkCore.Database.Command[20101]
      Executed DbCommand (1ms) [Parameters=[], CommandType='Text', CommandTimeout='30']
      INSERT INTO "__EFMigrationsHistory" ("MigrationId", "ProductVersion")
      VALUES ('20251101134456_Initial Create', '8.0.21');
info: Microsoft.EntityFrameworkCore.Migrations[20402]
      Applying migration '20251102140556_change trip attributes'.
info: Microsoft.EntityFrameworkCore.Database.Command[20101]
      Executed DbCommand (1ms) [Parameters=[], CommandType='Text', CommandTimeout='30']
      ALTER TABLE "Trips" RENAME COLUMN "RiderId" TO "PassengerId";
info: Microsoft.EntityFrameworkCore.Database.Command[20101]
      Executed DbCommand (1ms) [Parameters=[], CommandType='Text', CommandTimeout='30']
      ALTER TABLE "Trips" RENAME COLUMN "DriverId" TO "AssignedDriverId";
info: Microsoft.EntityFrameworkCore.Database.Command[20101]
      Executed DbCommand (0ms) [Parameters=[], CommandType='Text', CommandTimeout='30']
      INSERT INTO "__EFMigrationsHistory" ("MigrationId", "ProductVersion")
      VALUES ('20251102140556_change trip attributes', '8.0.21');
info: Microsoft.EntityFrameworkCore.Migrations[20402]
      Applying migration '20251130140729_AddTripStateTracking'.
info: Microsoft.EntityFrameworkCore.Database.Command[20101]
      Executed DbCommand (1ms) [Parameters=[], CommandType='Text', CommandTimeout='30']
      ALTER TABLE "Trips" ADD "CancellationReason" text;
info: Microsoft.EntityFrameworkCore.Database.Command[20101]
      Executed DbCommand (1ms) [Parameters=[], CommandType='Text', CommandTimeout='30']
      ALTER TABLE "Trips" ADD "CancelledAt" timestamp with time zone;
info: Microsoft.EntityFrameworkCore.Database.Command[20101]
      Executed DbCommand (1ms) [Parameters=[], CommandType='Text', CommandTimeout='30']
      ALTER TABLE "Trips" ADD "DriverAcceptedAt" timestamp with time zone;
info: Microsoft.EntityFrameworkCore.Database.Command[20101]
      Executed DbCommand (1ms) [Parameters=[], CommandType='Text', CommandTimeout='30']
      ALTER TABLE "Trips" ADD "DriverArrivedAt" timestamp with time zone;
info: Microsoft.EntityFrameworkCore.Database.Command[20101]
      Executed DbCommand (1ms) [Parameters=[], CommandType='Text', CommandTimeout='30']
      ALTER TABLE "Trips" ADD "DriverAssignedAt" timestamp with time zone;
info: Microsoft.EntityFrameworkCore.Database.Command[20101]
      Executed DbCommand (2ms) [Parameters=[], CommandType='Text', CommandTimeout='30']
      ALTER TABLE "Trips" ADD "DriverRetryCount" integer NOT NULL DEFAULT 0;
info: Microsoft.EntityFrameworkCore.Database.Command[20101]
      Executed DbCommand (1ms) [Parameters=[], CommandType='Text', CommandTimeout='30']
      ALTER TABLE "Trips" ADD "LastStatusChangeAt" timestamp with time zone;
info: Microsoft.EntityFrameworkCore.Database.Command[20101]
      Executed DbCommand (1ms) [Parameters=[], CommandType='Text', CommandTimeout='30']
      ALTER TABLE "Trips" ADD "TripCompletedAt" timestamp with time zone;
info: Microsoft.EntityFrameworkCore.Database.Command[20101]
      Executed DbCommand (1ms) [Parameters=[], CommandType='Text', CommandTimeout='30']
      ALTER TABLE "Trips" ADD "TripStartedAt" timestamp with time zone;
info: Microsoft.EntityFrameworkCore.Database.Command[20101]
      Executed DbCommand (0ms) [Parameters=[], CommandType='Text', CommandTimeout='30']
      INSERT INTO "__EFMigrationsHistory" ("MigrationId", "ProductVersion")
      VALUES ('20251130140729_AddTripStateTracking', '8.0.21');
info: Microsoft.Hosting.Lifetime[0]
      Application started. Press Ctrl+C to shut down.
info: Microsoft.Hosting.Lifetime[0]
      Hosting environment: Testing
info: Microsoft.Hosting.Lifetime[0]
      Content root path: C:\Users\tophu\source\repos\uit-go\TripService\TripService.Api
=== Applying migrations to: Host=localhost;Port=49342;Database=tripservice_test;Username=test;Password=test ===
info: Microsoft.EntityFrameworkCore.Database.Command[20101]
      Executed DbCommand (1ms) [Parameters=[], CommandType='Text', CommandTimeout='30']
      SELECT EXISTS (
    SELECT 1 FROM pg_catalog.pg_class c
    JOIN pg_catalog.pg_namespace n ON n.oid=c.relnamespace
    WHERE n.nspname='public' AND
          c.relname='__EFMigrationsHistory'
)
info: Microsoft.EntityFrameworkCore.Database.Command[20101]
      Executed DbCommand (1ms) [Parameters=[], CommandType='Text', CommandTimeout='30']
      SELECT "MigrationId", "ProductVersion"
      FROM "__EFMigrationsHistory"
      ORDER BY "MigrationId";
Applied migrations: 20251101134456_Initial Create, 20251102140556_change trip attributes, 20251130140729_AddTripStateTracking
=== Migrations applied successfully ===
fail: Microsoft.EntityFrameworkCore.Database.Command[20102]
      Failed executing DbCommand (1ms) [Parameters=[], CommandType='Text', CommandTimeout='30']
      DELETE FROM trips
[xUnit.net 00:00:33.53]     TripService.IntegrationTests.DriverResponseTests.DriverDeclineTrip_WithOtherDriversAvailable_ShouldRetryWithNextDriver [FAIL]
[xUnit.net 00:00:33.53]       Npgsql.PostgresException : 42P01: relation "trips" does not exist
[xUnit.net 00:00:33.53]       
[xUnit.net 00:00:33.53]       POSITION: 13
[xUnit.net 00:00:33.53]       Stack Trace:
[xUnit.net 00:00:33.53]            at Npgsql.Internal.NpgsqlConnector.ReadMessageLong(Boolean async, DataRowLoadingMode dataRowLoadingMode, Boolean readingNotifications, Boolean isReadingPrependedMessage)
[xUnit.net 00:00:33.53]            at System.Runtime.CompilerServices.PoolingAsyncValueTaskMethodBuilder`1.StateMachineBox`1.System.Threading.Tasks.Sources.IValueTaskSource<TResult>.GetResult(Int16 token)
[xUnit.net 00:00:33.53]            at Npgsql.NpgsqlDataReader.NextResult(Boolean async, Boolean isConsuming, CancellationToken cancellationToken)
[xUnit.net 00:00:33.53]            at Npgsql.NpgsqlDataReader.NextResult(Boolean async, Boolean isConsuming, CancellationToken cancellationToken)
[xUnit.net 00:00:33.53]            at Npgsql.NpgsqlCommand.ExecuteReader(Boolean async, CommandBehavior behavior, CancellationToken cancellationToken)
[xUnit.net 00:00:33.53]            at Npgsql.NpgsqlCommand.ExecuteReader(Boolean async, CommandBehavior behavior, CancellationToken cancellationToken)
[xUnit.net 00:00:33.53]            at Npgsql.NpgsqlCommand.ExecuteNonQuery(Boolean async, CancellationToken cancellationToken)
[xUnit.net 00:00:33.53]            at Microsoft.EntityFrameworkCore.Storage.RelationalCommand.ExecuteNonQueryAsync(RelationalCommandParameterObject parameterObject, CancellationToken cancellationToken)
[xUnit.net 00:00:33.53]            at Microsoft.EntityFrameworkCore.Storage.RelationalCommand.ExecuteNonQueryAsync(RelationalCommandParameterObject parameterObject, CancellationToken cancellationToken)
[xUnit.net 00:00:33.53]            at Microsoft.EntityFrameworkCore.Storage.RelationalCommand.ExecuteNonQueryAsync(RelationalCommandParameterObject parameterObject, CancellationToken cancellationToken)
[xUnit.net 00:00:33.53]            at Microsoft.EntityFrameworkCore.RelationalDatabaseFacadeExtensions.ExecuteSqlRawAsync(DatabaseFacade databaseFacade, String sql, IEnumerable`1 parameters, CancellationToken cancellationToken)
[xUnit.net 00:00:33.53]         C:\Users\tophu\source\repos\uit-go\TripService\TripService.IntegrationTests\DriverResponseTests.cs(29,0): at TripService.IntegrationTests.DriverResponseTests.InitializeAsync()
fail: Microsoft.EntityFrameworkCore.Database.Command[20102]
      Failed executing DbCommand (1ms) [Parameters=[], CommandType='Text', CommandTimeout='30']
      DELETE FROM trips
[xUnit.net 00:00:33.53]     TripService.IntegrationTests.DriverResponseTests.DriverDeclineTrip_ThreeTimes_ShouldMarkAsNoDriverAvailable [FAIL]
[xUnit.net 00:00:33.53]       Npgsql.PostgresException : 42P01: relation "trips" does not exist
[xUnit.net 00:00:33.53]       
[xUnit.net 00:00:33.53]       POSITION: 13
[xUnit.net 00:00:33.53]       Stack Trace:
[xUnit.net 00:00:33.53]            at Npgsql.Internal.NpgsqlConnector.ReadMessageLong(Boolean async, DataRowLoadingMode dataRowLoadingMode, Boolean readingNotifications, Boolean isReadingPrependedMessage)
[xUnit.net 00:00:33.53]            at System.Runtime.CompilerServices.PoolingAsyncValueTaskMethodBuilder`1.StateMachineBox`1.System.Threading.Tasks.Sources.IValueTaskSource<TResult>.GetResult(Int16 token)
[xUnit.net 00:00:33.53]            at Npgsql.NpgsqlDataReader.NextResult(Boolean async, Boolean isConsuming, CancellationToken cancellationToken)
[xUnit.net 00:00:33.53]            at Npgsql.NpgsqlDataReader.NextResult(Boolean async, Boolean isConsuming, CancellationToken cancellationToken)
[xUnit.net 00:00:33.53]            at Npgsql.NpgsqlCommand.ExecuteReader(Boolean async, CommandBehavior behavior, CancellationToken cancellationToken)
[xUnit.net 00:00:33.53]            at Npgsql.NpgsqlCommand.ExecuteReader(Boolean async, CommandBehavior behavior, CancellationToken cancellationToken)
[xUnit.net 00:00:33.53]            at Npgsql.NpgsqlCommand.ExecuteNonQuery(Boolean async, CancellationToken cancellationToken)
[xUnit.net 00:00:33.53]            at Microsoft.EntityFrameworkCore.Storage.RelationalCommand.ExecuteNonQueryAsync(RelationalCommandParameterObject parameterObject, CancellationToken cancellationToken)
[xUnit.net 00:00:33.53]            at Microsoft.EntityFrameworkCore.Storage.RelationalCommand.ExecuteNonQueryAsync(RelationalCommandParameterObject parameterObject, CancellationToken cancellationToken)
[xUnit.net 00:00:33.53]            at Microsoft.EntityFrameworkCore.Storage.RelationalCommand.ExecuteNonQueryAsync(RelationalCommandParameterObject parameterObject, CancellationToken cancellationToken)
[xUnit.net 00:00:33.53]            at Microsoft.EntityFrameworkCore.RelationalDatabaseFacadeExtensions.ExecuteSqlRawAsync(DatabaseFacade databaseFacade, String sql, IEnumerable`1 parameters, CancellationToken cancellationToken)
[xUnit.net 00:00:33.53]         C:\Users\tophu\source\repos\uit-go\TripService\TripService.IntegrationTests\DriverResponseTests.cs(29,0): at TripService.IntegrationTests.DriverResponseTests.InitializeAsync()
fail: Microsoft.EntityFrameworkCore.Database.Command[20102]
      Failed executing DbCommand (1ms) [Parameters=[], CommandType='Text', CommandTimeout='30']
      DELETE FROM trips
[xUnit.net 00:00:33.53]     TripService.IntegrationTests.DriverResponseTests.AcceptTrip_WhenAlreadyAccepted_ShouldNotChangeState [FAIL]
[xUnit.net 00:00:33.53]       Npgsql.PostgresException : 42P01: relation "trips" does not exist
[xUnit.net 00:00:33.53]       
[xUnit.net 00:00:33.53]       POSITION: 13
[xUnit.net 00:00:33.53]       Stack Trace:
[xUnit.net 00:00:33.53]            at Npgsql.Internal.NpgsqlConnector.ReadMessageLong(Boolean async, DataRowLoadingMode dataRowLoadingMode, Boolean readingNotifications, Boolean isReadingPrependedMessage)
[xUnit.net 00:00:33.53]            at System.Runtime.CompilerServices.PoolingAsyncValueTaskMethodBuilder`1.StateMachineBox`1.System.Threading.Tasks.Sources.IValueTaskSource<TResult>.GetResult(Int16 token)
[xUnit.net 00:00:33.53]            at Npgsql.NpgsqlDataReader.NextResult(Boolean async, Boolean isConsuming, CancellationToken cancellationToken)
[xUnit.net 00:00:33.53]            at Npgsql.NpgsqlDataReader.NextResult(Boolean async, Boolean isConsuming, CancellationToken cancellationToken)
[xUnit.net 00:00:33.54]            at Npgsql.NpgsqlCommand.ExecuteReader(Boolean async, CommandBehavior behavior, CancellationToken cancellationToken)
[xUnit.net 00:00:33.54]            at Npgsql.NpgsqlCommand.ExecuteReader(Boolean async, CommandBehavior behavior, CancellationToken cancellationToken)
[xUnit.net 00:00:33.54]            at Npgsql.NpgsqlCommand.ExecuteNonQuery(Boolean async, CancellationToken cancellationToken)
[xUnit.net 00:00:33.54]            at Microsoft.EntityFrameworkCore.Storage.RelationalCommand.ExecuteNonQueryAsync(RelationalCommandParameterObject parameterObject, CancellationToken cancellationToken)
[xUnit.net 00:00:33.54]            at Microsoft.EntityFrameworkCore.Storage.RelationalCommand.ExecuteNonQueryAsync(RelationalCommandParameterObject parameterObject, CancellationToken cancellationToken)
[xUnit.net 00:00:33.54]            at Microsoft.EntityFrameworkCore.Storage.RelationalCommand.ExecuteNonQueryAsync(RelationalCommandParameterObject parameterObject, CancellationToken cancellationToken)
[xUnit.net 00:00:33.54]            at Microsoft.EntityFrameworkCore.RelationalDatabaseFacadeExtensions.ExecuteSqlRawAsync(DatabaseFacade databaseFacade, String sql, IEnumerable`1 parameters, CancellationToken cancellationToken)
[xUnit.net 00:00:33.54]         C:\Users\tophu\source\repos\uit-go\TripService\TripService.IntegrationTests\DriverResponseTests.cs(29,0): at TripService.IntegrationTests.DriverResponseTests.InitializeAsync()
fail: Microsoft.EntityFrameworkCore.Database.Command[20102]
      Failed executing DbCommand (1ms) [Parameters=[], CommandType='Text', CommandTimeout='30']
      DELETE FROM trips
[xUnit.net 00:00:33.54]     TripService.IntegrationTests.DriverResponseTests.DriverAcceptTrip_ShouldUpdateStatusToDriverAccepted [FAIL]
[xUnit.net 00:00:33.54]       Npgsql.PostgresException : 42P01: relation "trips" does not exist
[xUnit.net 00:00:33.54]       
[xUnit.net 00:00:33.54]       POSITION: 13
[xUnit.net 00:00:33.54]       Stack Trace:
[xUnit.net 00:00:33.54]            at Npgsql.Internal.NpgsqlConnector.ReadMessageLong(Boolean async, DataRowLoadingMode dataRowLoadingMode, Boolean readingNotifications, Boolean isReadingPrependedMessage)
[xUnit.net 00:00:33.54]            at System.Runtime.CompilerServices.PoolingAsyncValueTaskMethodBuilder`1.StateMachineBox`1.System.Threading.Tasks.Sources.IValueTaskSource<TResult>.GetResult(Int16 token)
[xUnit.net 00:00:33.54]            at Npgsql.NpgsqlDataReader.NextResult(Boolean async, Boolean isConsuming, CancellationToken cancellationToken)
[xUnit.net 00:00:33.54]            at Npgsql.NpgsqlDataReader.NextResult(Boolean async, Boolean isConsuming, CancellationToken cancellationToken)
[xUnit.net 00:00:33.54]            at Npgsql.NpgsqlCommand.ExecuteReader(Boolean async, CommandBehavior behavior, CancellationToken cancellationToken)
[xUnit.net 00:00:33.54]            at Npgsql.NpgsqlCommand.ExecuteReader(Boolean async, CommandBehavior behavior, CancellationToken cancellationToken)
[xUnit.net 00:00:33.54]            at Npgsql.NpgsqlCommand.ExecuteNonQuery(Boolean async, CancellationToken cancellationToken)
[xUnit.net 00:00:33.54]            at Microsoft.EntityFrameworkCore.Storage.RelationalCommand.ExecuteNonQueryAsync(RelationalCommandParameterObject parameterObject, CancellationToken cancellationToken)
[xUnit.net 00:00:33.54]            at Microsoft.EntityFrameworkCore.Storage.RelationalCommand.ExecuteNonQueryAsync(RelationalCommandParameterObject parameterObject, CancellationToken cancellationToken)
[xUnit.net 00:00:33.54]            at Microsoft.EntityFrameworkCore.Storage.RelationalCommand.ExecuteNonQueryAsync(RelationalCommandParameterObject parameterObject, CancellationToken cancellationToken)
[xUnit.net 00:00:33.54]            at Microsoft.EntityFrameworkCore.RelationalDatabaseFacadeExtensions.ExecuteSqlRawAsync(DatabaseFacade databaseFacade, String sql, IEnumerable`1 parameters, CancellationToken cancellationToken)
[xUnit.net 00:00:33.54]         C:\Users\tophu\source\repos\uit-go\TripService\TripService.IntegrationTests\DriverResponseTests.cs(29,0): at TripService.IntegrationTests.DriverResponseTests.InitializeAsync()
[testcontainers.org 00:00:33.24] Delete Docker container 799d26ef724f
info: Microsoft.EntityFrameworkCore.Database.Command[20101]
      Executed DbCommand (2ms) [Parameters=[], CommandType='Text', CommandTimeout='30']
      SELECT EXISTS (
    SELECT 1 FROM pg_catalog.pg_class c
    JOIN pg_catalog.pg_namespace n ON n.oid=c.relnamespace
    WHERE n.nspname='public' AND
          c.relname='__EFMigrationsHistory'
)
Pending migrations: 20251101134456_Initial Create, 20251102140556_change trip attributes, 20251130140729_AddTripStateTracking
info: Microsoft.EntityFrameworkCore.Database.Command[20101]
      Executed DbCommand (1ms) [Parameters=[], CommandType='Text', CommandTimeout='30']
      SELECT EXISTS (
    SELECT 1 FROM pg_catalog.pg_class c
    JOIN pg_catalog.pg_namespace n ON n.oid=c.relnamespace
    WHERE n.nspname='public' AND
          c.relname='__EFMigrationsHistory'
)
info: Microsoft.EntityFrameworkCore.Database.Command[20101]
      Executed DbCommand (1ms) [Parameters=[], CommandType='Text', CommandTimeout='30']
      SELECT EXISTS (
    SELECT 1 FROM pg_catalog.pg_class c
    JOIN pg_catalog.pg_namespace n ON n.oid=c.relnamespace
    WHERE n.nspname='public' AND
          c.relname='__EFMigrationsHistory'
)
info: Microsoft.EntityFrameworkCore.Database.Command[20101]
      Executed DbCommand (4ms) [Parameters=[], CommandType='Text', CommandTimeout='30']
      CREATE TABLE "__EFMigrationsHistory" (
          "MigrationId" character varying(150) NOT NULL,
          "ProductVersion" character varying(32) NOT NULL,
          CONSTRAINT "PK___EFMigrationsHistory" PRIMARY KEY ("MigrationId")
      );
info: Microsoft.EntityFrameworkCore.Database.Command[20101]
      Executed DbCommand (1ms) [Parameters=[], CommandType='Text', CommandTimeout='30']
      SELECT EXISTS (
    SELECT 1 FROM pg_catalog.pg_class c
    JOIN pg_catalog.pg_namespace n ON n.oid=c.relnamespace
    WHERE n.nspname='public' AND
          c.relname='__EFMigrationsHistory'
)
info: Microsoft.EntityFrameworkCore.Database.Command[20101]
      Executed DbCommand (2ms) [Parameters=[], CommandType='Text', CommandTimeout='30']
      SELECT "MigrationId", "ProductVersion"
      FROM "__EFMigrationsHistory"
      ORDER BY "MigrationId";
info: Microsoft.EntityFrameworkCore.Migrations[20402]
      Applying migration '20251101134456_Initial Create'.
info: Microsoft.EntityFrameworkCore.Database.Command[20101]
      Executed DbCommand (5ms) [Parameters=[], CommandType='Text', CommandTimeout='30']
      CREATE TABLE "Trips" (
          "Id" uuid NOT NULL,
          "RiderId" uuid NOT NULL,
          "DriverId" uuid,
          "StartLat" double precision NOT NULL,
          "StartLng" double precision NOT NULL,
          "EndLat" double precision NOT NULL,
          "EndLng" double precision NOT NULL,
          "Status" text NOT NULL,
          "CreatedAt" timestamp with time zone NOT NULL,
          CONSTRAINT "PK_Trips" PRIMARY KEY ("Id")
      );
info: Microsoft.EntityFrameworkCore.Database.Command[20101]
      Executed DbCommand (1ms) [Parameters=[], CommandType='Text', CommandTimeout='30']
      INSERT INTO "__EFMigrationsHistory" ("MigrationId", "ProductVersion")
      VALUES ('20251101134456_Initial Create', '8.0.21');
info: Microsoft.EntityFrameworkCore.Migrations[20402]
      Applying migration '20251102140556_change trip attributes'.
info: Microsoft.EntityFrameworkCore.Database.Command[20101]
      Executed DbCommand (1ms) [Parameters=[], CommandType='Text', CommandTimeout='30']
      ALTER TABLE "Trips" RENAME COLUMN "RiderId" TO "PassengerId";
info: Microsoft.EntityFrameworkCore.Database.Command[20101]
      Executed DbCommand (1ms) [Parameters=[], CommandType='Text', CommandTimeout='30']
      ALTER TABLE "Trips" RENAME COLUMN "DriverId" TO "AssignedDriverId";
info: Microsoft.EntityFrameworkCore.Database.Command[20101]
      Executed DbCommand (1ms) [Parameters=[], CommandType='Text', CommandTimeout='30']
      INSERT INTO "__EFMigrationsHistory" ("MigrationId", "ProductVersion")
      VALUES ('20251102140556_change trip attributes', '8.0.21');
info: Microsoft.EntityFrameworkCore.Migrations[20402]
      Applying migration '20251130140729_AddTripStateTracking'.
info: Microsoft.EntityFrameworkCore.Database.Command[20101]
      Executed DbCommand (1ms) [Parameters=[], CommandType='Text', CommandTimeout='30']
      ALTER TABLE "Trips" ADD "CancellationReason" text;
info: Microsoft.EntityFrameworkCore.Database.Command[20101]
      Executed DbCommand (1ms) [Parameters=[], CommandType='Text', CommandTimeout='30']
      ALTER TABLE "Trips" ADD "CancelledAt" timestamp with time zone;
info: Microsoft.EntityFrameworkCore.Database.Command[20101]
      Executed DbCommand (1ms) [Parameters=[], CommandType='Text', CommandTimeout='30']
      ALTER TABLE "Trips" ADD "DriverAcceptedAt" timestamp with time zone;
info: Microsoft.EntityFrameworkCore.Database.Command[20101]
      Executed DbCommand (1ms) [Parameters=[], CommandType='Text', CommandTimeout='30']
      ALTER TABLE "Trips" ADD "DriverArrivedAt" timestamp with time zone;
info: Microsoft.EntityFrameworkCore.Database.Command[20101]
      Executed DbCommand (1ms) [Parameters=[], CommandType='Text', CommandTimeout='30']
      ALTER TABLE "Trips" ADD "DriverAssignedAt" timestamp with time zone;
info: Microsoft.EntityFrameworkCore.Database.Command[20101]
      Executed DbCommand (1ms) [Parameters=[], CommandType='Text', CommandTimeout='30']
      ALTER TABLE "Trips" ADD "DriverRetryCount" integer NOT NULL DEFAULT 0;
info: Microsoft.EntityFrameworkCore.Database.Command[20101]
      Executed DbCommand (1ms) [Parameters=[], CommandType='Text', CommandTimeout='30']
      ALTER TABLE "Trips" ADD "LastStatusChangeAt" timestamp with time zone;
info: Microsoft.EntityFrameworkCore.Database.Command[20101]
      Executed DbCommand (1ms) [Parameters=[], CommandType='Text', CommandTimeout='30']
      ALTER TABLE "Trips" ADD "TripCompletedAt" timestamp with time zone;
info: Microsoft.EntityFrameworkCore.Database.Command[20101]
      Executed DbCommand (1ms) [Parameters=[], CommandType='Text', CommandTimeout='30']
      ALTER TABLE "Trips" ADD "TripStartedAt" timestamp with time zone;
info: Microsoft.EntityFrameworkCore.Database.Command[20101]
      Executed DbCommand (0ms) [Parameters=[], CommandType='Text', CommandTimeout='30']
      INSERT INTO "__EFMigrationsHistory" ("MigrationId", "ProductVersion")
      VALUES ('20251130140729_AddTripStateTracking', '8.0.21');
info: Microsoft.EntityFrameworkCore.Database.Command[20101]
      Executed DbCommand (1ms) [Parameters=[], CommandType='Text', CommandTimeout='30']
      SELECT EXISTS (
    SELECT 1 FROM pg_catalog.pg_class c
    JOIN pg_catalog.pg_namespace n ON n.oid=c.relnamespace
    WHERE n.nspname='public' AND
          c.relname='__EFMigrationsHistory'
)
info: Microsoft.EntityFrameworkCore.Database.Command[20101]
      Executed DbCommand (1ms) [Parameters=[], CommandType='Text', CommandTimeout='30']
      SELECT "MigrationId", "ProductVersion"
      FROM "__EFMigrationsHistory"
      ORDER BY "MigrationId";
Applied migrations: 20251101134456_Initial Create, 20251102140556_change trip attributes, 20251130140729_AddTripStateTracking
=== Migrations applied successfully ===
fail: Microsoft.EntityFrameworkCore.Database.Command[20102]
      Failed executing DbCommand (1ms) [Parameters=[], CommandType='Text', CommandTimeout='30']
      DELETE FROM trips
[xUnit.net 00:00:33.65]     TripService.IntegrationTests.TripCancellationTests.CancelTrip_InDriverAcceptedState_ShouldSucceed [FAIL]
[xUnit.net 00:00:33.65]       Npgsql.PostgresException : 42P01: relation "trips" does not exist
[xUnit.net 00:00:33.65]       
[xUnit.net 00:00:33.65]       POSITION: 13
[xUnit.net 00:00:33.65]       Stack Trace:
[xUnit.net 00:00:33.65]            at Npgsql.Internal.NpgsqlConnector.ReadMessageLong(Boolean async, DataRowLoadingMode dataRowLoadingMode, Boolean readingNotifications, Boolean isReadingPrependedMessage)
[xUnit.net 00:00:33.65]            at System.Runtime.CompilerServices.PoolingAsyncValueTaskMethodBuilder`1.StateMachineBox`1.System.Threading.Tasks.Sources.IValueTaskSource<TResult>.GetResult(Int16 token)
[xUnit.net 00:00:33.65]            at Npgsql.NpgsqlDataReader.NextResult(Boolean async, Boolean isConsuming, CancellationToken cancellationToken)
[xUnit.net 00:00:33.65]            at Npgsql.NpgsqlDataReader.NextResult(Boolean async, Boolean isConsuming, CancellationToken cancellationToken)
[xUnit.net 00:00:33.65]            at Npgsql.NpgsqlCommand.ExecuteReader(Boolean async, CommandBehavior behavior, CancellationToken cancellationToken)
[xUnit.net 00:00:33.65]            at Npgsql.NpgsqlCommand.ExecuteReader(Boolean async, CommandBehavior behavior, CancellationToken cancellationToken)
[xUnit.net 00:00:33.65]            at Npgsql.NpgsqlCommand.ExecuteNonQuery(Boolean async, CancellationToken cancellationToken)
[xUnit.net 00:00:33.65]            at Microsoft.EntityFrameworkCore.Storage.RelationalCommand.ExecuteNonQueryAsync(RelationalCommandParameterObject parameterObject, CancellationToken cancellationToken)
[xUnit.net 00:00:33.65]            at Microsoft.EntityFrameworkCore.Storage.RelationalCommand.ExecuteNonQueryAsync(RelationalCommandParameterObject parameterObject, CancellationToken cancellationToken)
[xUnit.net 00:00:33.65]            at Microsoft.EntityFrameworkCore.Storage.RelationalCommand.ExecuteNonQueryAsync(RelationalCommandParameterObject parameterObject, CancellationToken cancellationToken)
[xUnit.net 00:00:33.65]            at Microsoft.EntityFrameworkCore.RelationalDatabaseFacadeExtensions.ExecuteSqlRawAsync(DatabaseFacade databaseFacade, String sql, IEnumerable`1 parameters, CancellationToken cancellationToken)
[xUnit.net 00:00:33.65]         C:\Users\tophu\source\repos\uit-go\TripService\TripService.IntegrationTests\TripCancellationTests.cs(28,0): at TripService.IntegrationTests.TripCancellationTests.InitializeAsync()
fail: Microsoft.EntityFrameworkCore.Database.Command[20102]
      Failed executing DbCommand (1ms) [Parameters=[], CommandType='Text', CommandTimeout='30']
      DELETE FROM trips
[xUnit.net 00:00:33.65]     TripService.IntegrationTests.TripCancellationTests.CancelTrip_ByNonOwner_ShouldFail [FAIL]
[xUnit.net 00:00:33.65]       Npgsql.PostgresException : 42P01: relation "trips" does not exist
[xUnit.net 00:00:33.65]       
[xUnit.net 00:00:33.65]       POSITION: 13
[xUnit.net 00:00:33.65]       Stack Trace:
[xUnit.net 00:00:33.65]            at Npgsql.Internal.NpgsqlConnector.ReadMessageLong(Boolean async, DataRowLoadingMode dataRowLoadingMode, Boolean readingNotifications, Boolean isReadingPrependedMessage)
[xUnit.net 00:00:33.65]            at System.Runtime.CompilerServices.PoolingAsyncValueTaskMethodBuilder`1.StateMachineBox`1.System.Threading.Tasks.Sources.IValueTaskSource<TResult>.GetResult(Int16 token)
[xUnit.net 00:00:33.65]            at Npgsql.NpgsqlDataReader.NextResult(Boolean async, Boolean isConsuming, CancellationToken cancellationToken)
[xUnit.net 00:00:33.65]            at Npgsql.NpgsqlDataReader.NextResult(Boolean async, Boolean isConsuming, CancellationToken cancellationToken)
[xUnit.net 00:00:33.65]            at Npgsql.NpgsqlCommand.ExecuteReader(Boolean async, CommandBehavior behavior, CancellationToken cancellationToken)
[xUnit.net 00:00:33.65]            at Npgsql.NpgsqlCommand.ExecuteReader(Boolean async, CommandBehavior behavior, CancellationToken cancellationToken)
[xUnit.net 00:00:33.65]            at Npgsql.NpgsqlCommand.ExecuteNonQuery(Boolean async, CancellationToken cancellationToken)
[xUnit.net 00:00:33.65]            at Microsoft.EntityFrameworkCore.Storage.RelationalCommand.ExecuteNonQueryAsync(RelationalCommandParameterObject parameterObject, CancellationToken cancellationToken)
[xUnit.net 00:00:33.65]            at Microsoft.EntityFrameworkCore.Storage.RelationalCommand.ExecuteNonQueryAsync(RelationalCommandParameterObject parameterObject, CancellationToken cancellationToken)
[xUnit.net 00:00:33.65]            at Microsoft.EntityFrameworkCore.Storage.RelationalCommand.ExecuteNonQueryAsync(RelationalCommandParameterObject parameterObject, CancellationToken cancellationToken)
[xUnit.net 00:00:33.65]            at Microsoft.EntityFrameworkCore.RelationalDatabaseFacadeExtensions.ExecuteSqlRawAsync(DatabaseFacade databaseFacade, String sql, IEnumerable`1 parameters, CancellationToken cancellationToken)
[xUnit.net 00:00:33.66]         C:\Users\tophu\source\repos\uit-go\TripService\TripService.IntegrationTests\TripCancellationTests.cs(28,0): at TripService.IntegrationTests.TripCancellationTests.InitializeAsync()
fail: Microsoft.EntityFrameworkCore.Database.Command[20102]
      Failed executing DbCommand (1ms) [Parameters=[], CommandType='Text', CommandTimeout='30']
      DELETE FROM trips
[xUnit.net 00:00:33.66]     TripService.IntegrationTests.TripCancellationTests.CancelTrip_WhenAlreadyCompleted_ShouldFail [FAIL]
[xUnit.net 00:00:33.66]       Npgsql.PostgresException : 42P01: relation "trips" does not exist
[xUnit.net 00:00:33.66]       
[xUnit.net 00:00:33.66]       POSITION: 13
[xUnit.net 00:00:33.66]       Stack Trace:
[xUnit.net 00:00:33.66]            at Npgsql.Internal.NpgsqlConnector.ReadMessageLong(Boolean async, DataRowLoadingMode dataRowLoadingMode, Boolean readingNotifications, Boolean isReadingPrependedMessage)
[xUnit.net 00:00:33.66]            at System.Runtime.CompilerServices.PoolingAsyncValueTaskMethodBuilder`1.StateMachineBox`1.System.Threading.Tasks.Sources.IValueTaskSource<TResult>.GetResult(Int16 token)
[xUnit.net 00:00:33.66]            at Npgsql.NpgsqlDataReader.NextResult(Boolean async, Boolean isConsuming, CancellationToken cancellationToken)
[xUnit.net 00:00:33.66]            at Npgsql.NpgsqlDataReader.NextResult(Boolean async, Boolean isConsuming, CancellationToken cancellationToken)
[xUnit.net 00:00:33.66]            at Npgsql.NpgsqlCommand.ExecuteReader(Boolean async, CommandBehavior behavior, CancellationToken cancellationToken)
[xUnit.net 00:00:33.66]            at Npgsql.NpgsqlCommand.ExecuteReader(Boolean async, CommandBehavior behavior, CancellationToken cancellationToken)
[xUnit.net 00:00:33.66]            at Npgsql.NpgsqlCommand.ExecuteNonQuery(Boolean async, CancellationToken cancellationToken)
[xUnit.net 00:00:33.66]            at Microsoft.EntityFrameworkCore.Storage.RelationalCommand.ExecuteNonQueryAsync(RelationalCommandParameterObject parameterObject, CancellationToken cancellationToken)
[xUnit.net 00:00:33.66]            at Microsoft.EntityFrameworkCore.Storage.RelationalCommand.ExecuteNonQueryAsync(RelationalCommandParameterObject parameterObject, CancellationToken cancellationToken)
[xUnit.net 00:00:33.66]            at Microsoft.EntityFrameworkCore.Storage.RelationalCommand.ExecuteNonQueryAsync(RelationalCommandParameterObject parameterObject, CancellationToken cancellationToken)
[xUnit.net 00:00:33.66]            at Microsoft.EntityFrameworkCore.RelationalDatabaseFacadeExtensions.ExecuteSqlRawAsync(DatabaseFacade databaseFacade, String sql, IEnumerable`1 parameters, CancellationToken cancellationToken)
[xUnit.net 00:00:33.66]         C:\Users\tophu\source\repos\uit-go\TripService\TripService.IntegrationTests\TripCancellationTests.cs(28,0): at TripService.IntegrationTests.TripCancellationTests.InitializeAsync()
fail: Microsoft.EntityFrameworkCore.Database.Command[20102]
      Failed executing DbCommand (1ms) [Parameters=[], CommandType='Text', CommandTimeout='30']
      DELETE FROM trips
[xUnit.net 00:00:33.66]     TripService.IntegrationTests.TripCancellationTests.CancelTrip_ShouldReleaseDriver [FAIL]
[xUnit.net 00:00:33.66]       Npgsql.PostgresException : 42P01: relation "trips" does not exist
[xUnit.net 00:00:33.66]       
[xUnit.net 00:00:33.66]       POSITION: 13
[xUnit.net 00:00:33.66]       Stack Trace:
[xUnit.net 00:00:33.66]            at Npgsql.Internal.NpgsqlConnector.ReadMessageLong(Boolean async, DataRowLoadingMode dataRowLoadingMode, Boolean readingNotifications, Boolean isReadingPrependedMessage)
[xUnit.net 00:00:33.66]            at System.Runtime.CompilerServices.PoolingAsyncValueTaskMethodBuilder`1.StateMachineBox`1.System.Threading.Tasks.Sources.IValueTaskSource<TResult>.GetResult(Int16 token)
[xUnit.net 00:00:33.66]            at Npgsql.NpgsqlDataReader.NextResult(Boolean async, Boolean isConsuming, CancellationToken cancellationToken)
[xUnit.net 00:00:33.66]            at Npgsql.NpgsqlDataReader.NextResult(Boolean async, Boolean isConsuming, CancellationToken cancellationToken)
[xUnit.net 00:00:33.66]            at Npgsql.NpgsqlCommand.ExecuteReader(Boolean async, CommandBehavior behavior, CancellationToken cancellationToken)
[xUnit.net 00:00:33.66]            at Npgsql.NpgsqlCommand.ExecuteReader(Boolean async, CommandBehavior behavior, CancellationToken cancellationToken)
[xUnit.net 00:00:33.66]            at Npgsql.NpgsqlCommand.ExecuteNonQuery(Boolean async, CancellationToken cancellationToken)
[xUnit.net 00:00:33.66]            at Microsoft.EntityFrameworkCore.Storage.RelationalCommand.ExecuteNonQueryAsync(RelationalCommandParameterObject parameterObject, CancellationToken cancellationToken)
[xUnit.net 00:00:33.66]            at Microsoft.EntityFrameworkCore.Storage.RelationalCommand.ExecuteNonQueryAsync(RelationalCommandParameterObject parameterObject, CancellationToken cancellationToken)
[xUnit.net 00:00:33.66]            at Microsoft.EntityFrameworkCore.Storage.RelationalCommand.ExecuteNonQueryAsync(RelationalCommandParameterObject parameterObject, CancellationToken cancellationToken)
[xUnit.net 00:00:33.66]            at Microsoft.EntityFrameworkCore.RelationalDatabaseFacadeExtensions.ExecuteSqlRawAsync(DatabaseFacade databaseFacade, String sql, IEnumerable`1 parameters, CancellationToken cancellationToken)
[xUnit.net 00:00:33.66]         C:\Users\tophu\source\repos\uit-go\TripService\TripService.IntegrationTests\TripCancellationTests.cs(28,0): at TripService.IntegrationTests.TripCancellationTests.InitializeAsync()
fail: Microsoft.EntityFrameworkCore.Database.Command[20102]
      Failed executing DbCommand (1ms) [Parameters=[], CommandType='Text', CommandTimeout='30']
      DELETE FROM trips
[xUnit.net 00:00:33.66]     TripService.IntegrationTests.TripCancellationTests.CancelTrip_ByOwner_ShouldSucceed [FAIL]
[xUnit.net 00:00:33.66]       Npgsql.PostgresException : 42P01: relation "trips" does not exist
[xUnit.net 00:00:33.66]       
[xUnit.net 00:00:33.66]       POSITION: 13
[xUnit.net 00:00:33.66]       Stack Trace:
[xUnit.net 00:00:33.66]            at Npgsql.Internal.NpgsqlConnector.ReadMessageLong(Boolean async, DataRowLoadingMode dataRowLoadingMode, Boolean readingNotifications, Boolean isReadingPrependedMessage)
[xUnit.net 00:00:33.66]            at System.Runtime.CompilerServices.PoolingAsyncValueTaskMethodBuilder`1.StateMachineBox`1.System.Threading.Tasks.Sources.IValueTaskSource<TResult>.GetResult(Int16 token)
[xUnit.net 00:00:33.66]            at Npgsql.NpgsqlDataReader.NextResult(Boolean async, Boolean isConsuming, CancellationToken cancellationToken)
[xUnit.net 00:00:33.66]            at Npgsql.NpgsqlDataReader.NextResult(Boolean async, Boolean isConsuming, CancellationToken cancellationToken)
[xUnit.net 00:00:33.66]            at Npgsql.NpgsqlCommand.ExecuteReader(Boolean async, CommandBehavior behavior, CancellationToken cancellationToken)
[xUnit.net 00:00:33.66]            at Npgsql.NpgsqlCommand.ExecuteReader(Boolean async, CommandBehavior behavior, CancellationToken cancellationToken)
[xUnit.net 00:00:33.66]            at Npgsql.NpgsqlCommand.ExecuteNonQuery(Boolean async, CancellationToken cancellationToken)
[xUnit.net 00:00:33.66]            at Microsoft.EntityFrameworkCore.Storage.RelationalCommand.ExecuteNonQueryAsync(RelationalCommandParameterObject parameterObject, CancellationToken cancellationToken)
[xUnit.net 00:00:33.66]            at Microsoft.EntityFrameworkCore.Storage.RelationalCommand.ExecuteNonQueryAsync(RelationalCommandParameterObject parameterObject, CancellationToken cancellationToken)
[xUnit.net 00:00:33.66]            at Microsoft.EntityFrameworkCore.Storage.RelationalCommand.ExecuteNonQueryAsync(RelationalCommandParameterObject parameterObject, CancellationToken cancellationToken)
[xUnit.net 00:00:33.66]            at Microsoft.EntityFrameworkCore.RelationalDatabaseFacadeExtensions.ExecuteSqlRawAsync(DatabaseFacade databaseFacade, String sql, IEnumerable`1 parameters, CancellationToken cancellationToken)
[xUnit.net 00:00:33.66]         C:\Users\tophu\source\repos\uit-go\TripService\TripService.IntegrationTests\TripCancellationTests.cs(28,0): at TripService.IntegrationTests.TripCancellationTests.InitializeAsync()
[testcontainers.org 00:00:33.37] Delete Docker container dc3f5f7ef333
[testcontainers.org 00:00:33.73] Delete Docker container f9b1e94310b9
[testcontainers.org 00:00:33.88] Delete Docker container 9f102a70530f
[testcontainers.org 00:00:34.17] Delete Docker container 20d4afb1cba3
[testcontainers.org 00:00:34.39] Delete Docker container ff3694f050c7
info: Microsoft.Hosting.Lifetime[0]
      Application is shutting down...
  Failed TripService.IntegrationTests.DriverResponseTests.DriverDeclineTrip_WithOtherDriversAvailable_ShouldRetryWithNextDriver [1 ms]
  Error Message:
   Npgsql.PostgresException : 42P01: relation "trips" does not exist

POSITION: 13
  Stack Trace:
     at Npgsql.Internal.NpgsqlConnector.ReadMessageLong(Boolean async, DataRowLoadingMode dataRowLoadingMode, Boolean readingNotifications, Boolean isReadingPrependedMessage)
   at System.Runtime.CompilerServices.PoolingAsyncValueTaskMethodBuilder`1.StateMachineBox`1.System.Threading.Tasks.Sources.IValueTaskSource<TResult>.GetResult(Int16 token)
   at Npgsql.NpgsqlDataReader.NextResult(Boolean async, Boolean isConsuming, CancellationToken cancellationToken)
   at Npgsql.NpgsqlDataReader.NextResult(Boolean async, Boolean isConsuming, CancellationToken cancellationToken)
   at Npgsql.NpgsqlCommand.ExecuteReader(Boolean async, CommandBehavior behavior, CancellationToken cancellationToken)
   at Npgsql.NpgsqlCommand.ExecuteReader(Boolean async, CommandBehavior behavior, CancellationToken cancellationToken)
   at Npgsql.NpgsqlCommand.ExecuteNonQuery(Boolean async, CancellationToken cancellationToken)
   at Microsoft.EntityFrameworkCore.Storage.RelationalCommand.ExecuteNonQueryAsync(RelationalCommandParameterObject parameterObject, CancellationToken cancellationToken)
   at Microsoft.EntityFrameworkCore.Storage.RelationalCommand.ExecuteNonQueryAsync(RelationalCommandParameterObject parameterObject, CancellationToken cancellationToken)
   at Microsoft.EntityFrameworkCore.Storage.RelationalCommand.ExecuteNonQueryAsync(RelationalCommandParameterObject parameterObject, CancellationToken cancellationToken)
   at Microsoft.EntityFrameworkCore.RelationalDatabaseFacadeExtensions.ExecuteSqlRawAsync(DatabaseFacade databaseFacade, String sql, IEnumerable`1 parameters, CancellationToken cancellationToken)
   at TripService.IntegrationTests.DriverResponseTests.InitializeAsync() in C:\Users\tophu\source\repos\uit-go\TripService\TripService.IntegrationTests\DriverResponseTests.cs:line 29
  Failed TripService.IntegrationTests.DriverResponseTests.DriverDeclineTrip_ThreeTimes_ShouldMarkAsNoDriverAvailable [1 ms]
  Error Message:
   Npgsql.PostgresException : 42P01: relation "trips" does not exist

POSITION: 13
  Stack Trace:
     at Npgsql.Internal.NpgsqlConnector.ReadMessageLong(Boolean async, DataRowLoadingMode dataRowLoadingMode, Boolean readingNotifications, Boolean isReadingPrependedMessage)
   at System.Runtime.CompilerServices.PoolingAsyncValueTaskMethodBuilder`1.StateMachineBox`1.System.Threading.Tasks.Sources.IValueTaskSource<TResult>.GetResult(Int16 token)
   at Npgsql.NpgsqlDataReader.NextResult(Boolean async, Boolean isConsuming, CancellationToken cancellationToken)
   at Npgsql.NpgsqlDataReader.NextResult(Boolean async, Boolean isConsuming, CancellationToken cancellationToken)
   at Npgsql.NpgsqlCommand.ExecuteReader(Boolean async, CommandBehavior behavior, CancellationToken cancellationToken)
   at Npgsql.NpgsqlCommand.ExecuteReader(Boolean async, CommandBehavior behavior, CancellationToken cancellationToken)
   at Npgsql.NpgsqlCommand.ExecuteNonQuery(Boolean async, CancellationToken cancellationToken)
   at Microsoft.EntityFrameworkCore.Storage.RelationalCommand.ExecuteNonQueryAsync(RelationalCommandParameterObject parameterObject, CancellationToken cancellationToken)
   at Microsoft.EntityFrameworkCore.Storage.RelationalCommand.ExecuteNonQueryAsync(RelationalCommandParameterObject parameterObject, CancellationToken cancellationToken)
   at Microsoft.EntityFrameworkCore.Storage.RelationalCommand.ExecuteNonQueryAsync(RelationalCommandParameterObject parameterObject, CancellationToken cancellationToken)
   at Microsoft.EntityFrameworkCore.RelationalDatabaseFacadeExtensions.ExecuteSqlRawAsync(DatabaseFacade databaseFacade, String sql, IEnumerable`1 parameters, CancellationToken cancellationToken)
   at TripService.IntegrationTests.DriverResponseTests.InitializeAsync() in C:\Users\tophu\source\repos\uit-go\TripService\TripService.IntegrationTests\DriverResponseTests.cs:line 29
  Failed TripService.IntegrationTests.DriverResponseTests.AcceptTrip_WhenAlreadyAccepted_ShouldNotChangeState [1 ms]
  Error Message:
   Npgsql.PostgresException : 42P01: relation "trips" does not exist

POSITION: 13
  Stack Trace:
     at Npgsql.Internal.NpgsqlConnector.ReadMessageLong(Boolean async, DataRowLoadingMode dataRowLoadingMode, Boolean readingNotifications, Boolean isReadingPrependedMessage)
   at System.Runtime.CompilerServices.PoolingAsyncValueTaskMethodBuilder`1.StateMachineBox`1.System.Threading.Tasks.Sources.IValueTaskSource<TResult>.GetResult(Int16 token)
   at Npgsql.NpgsqlDataReader.NextResult(Boolean async, Boolean isConsuming, CancellationToken cancellationToken)
   at Npgsql.NpgsqlDataReader.NextResult(Boolean async, Boolean isConsuming, CancellationToken cancellationToken)
   at Npgsql.NpgsqlCommand.ExecuteReader(Boolean async, CommandBehavior behavior, CancellationToken cancellationToken)
   at Npgsql.NpgsqlCommand.ExecuteReader(Boolean async, CommandBehavior behavior, CancellationToken cancellationToken)
   at Npgsql.NpgsqlCommand.ExecuteNonQuery(Boolean async, CancellationToken cancellationToken)
   at Microsoft.EntityFrameworkCore.Storage.RelationalCommand.ExecuteNonQueryAsync(RelationalCommandParameterObject parameterObject, CancellationToken cancellationToken)
   at Microsoft.EntityFrameworkCore.Storage.RelationalCommand.ExecuteNonQueryAsync(RelationalCommandParameterObject parameterObject, CancellationToken cancellationToken)
   at Microsoft.EntityFrameworkCore.Storage.RelationalCommand.ExecuteNonQueryAsync(RelationalCommandParameterObject parameterObject, CancellationToken cancellationToken)
   at Microsoft.EntityFrameworkCore.RelationalDatabaseFacadeExtensions.ExecuteSqlRawAsync(DatabaseFacade databaseFacade, String sql, IEnumerable`1 parameters, CancellationToken cancellationToken)
   at TripService.IntegrationTests.DriverResponseTests.InitializeAsync() in C:\Users\tophu\source\repos\uit-go\TripService\TripService.IntegrationTests\DriverResponseTests.cs:line 29
  Failed TripService.IntegrationTests.DriverResponseTests.DriverAcceptTrip_ShouldUpdateStatusToDriverAccepted [1 ms]
  Error Message:
   Npgsql.PostgresException : 42P01: relation "trips" does not exist

POSITION: 13
  Stack Trace:
     at Npgsql.Internal.NpgsqlConnector.ReadMessageLong(Boolean async, DataRowLoadingMode dataRowLoadingMode, Boolean readingNotifications, Boolean isReadingPrependedMessage)
   at System.Runtime.CompilerServices.PoolingAsyncValueTaskMethodBuilder`1.StateMachineBox`1.System.Threading.Tasks.Sources.IValueTaskSource<TResult>.GetResult(Int16 token)
   at Npgsql.NpgsqlDataReader.NextResult(Boolean async, Boolean isConsuming, CancellationToken cancellationToken)
   at Npgsql.NpgsqlDataReader.NextResult(Boolean async, Boolean isConsuming, CancellationToken cancellationToken)
   at Npgsql.NpgsqlCommand.ExecuteReader(Boolean async, CommandBehavior behavior, CancellationToken cancellationToken)
   at Npgsql.NpgsqlCommand.ExecuteReader(Boolean async, CommandBehavior behavior, CancellationToken cancellationToken)
   at Npgsql.NpgsqlCommand.ExecuteNonQuery(Boolean async, CancellationToken cancellationToken)
   at Microsoft.EntityFrameworkCore.Storage.RelationalCommand.ExecuteNonQueryAsync(RelationalCommandParameterObject parameterObject, CancellationToken cancellationToken)
   at Microsoft.EntityFrameworkCore.Storage.RelationalCommand.ExecuteNonQueryAsync(RelationalCommandParameterObject parameterObject, CancellationToken cancellationToken)
   at Microsoft.EntityFrameworkCore.Storage.RelationalCommand.ExecuteNonQueryAsync(RelationalCommandParameterObject parameterObject, CancellationToken cancellationToken)
   at Microsoft.EntityFrameworkCore.RelationalDatabaseFacadeExtensions.ExecuteSqlRawAsync(DatabaseFacade databaseFacade, String sql, IEnumerable`1 parameters, CancellationToken cancellationToken)
   at TripService.IntegrationTests.DriverResponseTests.InitializeAsync() in C:\Users\tophu\source\repos\uit-go\TripService\TripService.IntegrationTests\DriverResponseTests.cs:line 29
  Failed TripService.IntegrationTests.TripCancellationTests.CancelTrip_InDriverAcceptedState_ShouldSucceed [1 ms]
  Error Message:
   Npgsql.PostgresException : 42P01: relation "trips" does not exist

POSITION: 13
  Stack Trace:
     at Npgsql.Internal.NpgsqlConnector.ReadMessageLong(Boolean async, DataRowLoadingMode dataRowLoadingMode, Boolean readingNotifications, Boolean isReadingPrependedMessage)
   at System.Runtime.CompilerServices.PoolingAsyncValueTaskMethodBuilder`1.StateMachineBox`1.System.Threading.Tasks.Sources.IValueTaskSource<TResult>.GetResult(Int16 token)
   at Npgsql.NpgsqlDataReader.NextResult(Boolean async, Boolean isConsuming, CancellationToken cancellationToken)
   at Npgsql.NpgsqlDataReader.NextResult(Boolean async, Boolean isConsuming, CancellationToken cancellationToken)
   at Npgsql.NpgsqlCommand.ExecuteReader(Boolean async, CommandBehavior behavior, CancellationToken cancellationToken)
   at Npgsql.NpgsqlCommand.ExecuteReader(Boolean async, CommandBehavior behavior, CancellationToken cancellationToken)
   at Npgsql.NpgsqlCommand.ExecuteNonQuery(Boolean async, CancellationToken cancellationToken)
   at Microsoft.EntityFrameworkCore.Storage.RelationalCommand.ExecuteNonQueryAsync(RelationalCommandParameterObject parameterObject, CancellationToken cancellationToken)
   at Microsoft.EntityFrameworkCore.Storage.RelationalCommand.ExecuteNonQueryAsync(RelationalCommandParameterObject parameterObject, CancellationToken cancellationToken)
   at Microsoft.EntityFrameworkCore.Storage.RelationalCommand.ExecuteNonQueryAsync(RelationalCommandParameterObject parameterObject, CancellationToken cancellationToken)
   at Microsoft.EntityFrameworkCore.RelationalDatabaseFacadeExtensions.ExecuteSqlRawAsync(DatabaseFacade databaseFacade, String sql, IEnumerable`1 parameters, CancellationToken cancellationToken)
   at TripService.IntegrationTests.TripCancellationTests.InitializeAsync() in C:\Users\tophu\source\repos\uit-go\TripService\TripService.IntegrationTests\TripCancellationTests.cs:line 28
  Failed TripService.IntegrationTests.TripCancellationTests.CancelTrip_ByNonOwner_ShouldFail [1 ms]
  Error Message:
   Npgsql.PostgresException : 42P01: relation "trips" does not exist

POSITION: 13
  Stack Trace:
     at Npgsql.Internal.NpgsqlConnector.ReadMessageLong(Boolean async, DataRowLoadingMode dataRowLoadingMode, Boolean readingNotifications, Boolean isReadingPrependedMessage)
   at System.Runtime.CompilerServices.PoolingAsyncValueTaskMethodBuilder`1.StateMachineBox`1.System.Threading.Tasks.Sources.IValueTaskSource<TResult>.GetResult(Int16 token)
   at Npgsql.NpgsqlDataReader.NextResult(Boolean async, Boolean isConsuming, CancellationToken cancellationToken)
   at Npgsql.NpgsqlDataReader.NextResult(Boolean async, Boolean isConsuming, CancellationToken cancellationToken)
   at Npgsql.NpgsqlCommand.ExecuteReader(Boolean async, CommandBehavior behavior, CancellationToken cancellationToken)
   at Npgsql.NpgsqlCommand.ExecuteReader(Boolean async, CommandBehavior behavior, CancellationToken cancellationToken)
   at Npgsql.NpgsqlCommand.ExecuteNonQuery(Boolean async, CancellationToken cancellationToken)
   at Microsoft.EntityFrameworkCore.Storage.RelationalCommand.ExecuteNonQueryAsync(RelationalCommandParameterObject parameterObject, CancellationToken cancellationToken)
   at Microsoft.EntityFrameworkCore.Storage.RelationalCommand.ExecuteNonQueryAsync(RelationalCommandParameterObject parameterObject, CancellationToken cancellationToken)
   at Microsoft.EntityFrameworkCore.Storage.RelationalCommand.ExecuteNonQueryAsync(RelationalCommandParameterObject parameterObject, CancellationToken cancellationToken)
   at Microsoft.EntityFrameworkCore.RelationalDatabaseFacadeExtensions.ExecuteSqlRawAsync(DatabaseFacade databaseFacade, String sql, IEnumerable`1 parameters, CancellationToken cancellationToken)
   at TripService.IntegrationTests.TripCancellationTests.InitializeAsync() in C:\Users\tophu\source\repos\uit-go\TripService\TripService.IntegrationTests\TripCancellationTests.cs:line 28
  Failed TripService.IntegrationTests.TripCancellationTests.CancelTrip_WhenAlreadyCompleted_ShouldFail [1 ms]
  Error Message:
   Npgsql.PostgresException : 42P01: relation "trips" does not exist

POSITION: 13
  Stack Trace:
     at Npgsql.Internal.NpgsqlConnector.ReadMessageLong(Boolean async, DataRowLoadingMode dataRowLoadingMode, Boolean readingNotifications, Boolean isReadingPrependedMessage)
   at System.Runtime.CompilerServices.PoolingAsyncValueTaskMethodBuilder`1.StateMachineBox`1.System.Threading.Tasks.Sources.IValueTaskSource<TResult>.GetResult(Int16 token)
   at Npgsql.NpgsqlDataReader.NextResult(Boolean async, Boolean isConsuming, CancellationToken cancellationToken)
   at Npgsql.NpgsqlDataReader.NextResult(Boolean async, Boolean isConsuming, CancellationToken cancellationToken)
   at Npgsql.NpgsqlCommand.ExecuteReader(Boolean async, CommandBehavior behavior, CancellationToken cancellationToken)
   at Npgsql.NpgsqlCommand.ExecuteReader(Boolean async, CommandBehavior behavior, CancellationToken cancellationToken)
   at Npgsql.NpgsqlCommand.ExecuteNonQuery(Boolean async, CancellationToken cancellationToken)
   at Microsoft.EntityFrameworkCore.Storage.RelationalCommand.ExecuteNonQueryAsync(RelationalCommandParameterObject parameterObject, CancellationToken cancellationToken)
   at Microsoft.EntityFrameworkCore.Storage.RelationalCommand.ExecuteNonQueryAsync(RelationalCommandParameterObject parameterObject, CancellationToken cancellationToken)
   at Microsoft.EntityFrameworkCore.Storage.RelationalCommand.ExecuteNonQueryAsync(RelationalCommandParameterObject parameterObject, CancellationToken cancellationToken)
   at Microsoft.EntityFrameworkCore.RelationalDatabaseFacadeExtensions.ExecuteSqlRawAsync(DatabaseFacade databaseFacade, String sql, IEnumerable`1 parameters, CancellationToken cancellationToken)
   at TripService.IntegrationTests.TripCancellationTests.InitializeAsync() in C:\Users\tophu\source\repos\uit-go\TripService\TripService.IntegrationTests\TripCancellationTests.cs:line 28
  Failed TripService.IntegrationTests.TripCancellationTests.CancelTrip_ShouldReleaseDriver [1 ms]
  Error Message:
   Npgsql.PostgresException : 42P01: relation "trips" does not exist

POSITION: 13
  Stack Trace:
     at Npgsql.Internal.NpgsqlConnector.ReadMessageLong(Boolean async, DataRowLoadingMode dataRowLoadingMode, Boolean readingNotifications, Boolean isReadingPrependedMessage)
   at System.Runtime.CompilerServices.PoolingAsyncValueTaskMethodBuilder`1.StateMachineBox`1.System.Threading.Tasks.Sources.IValueTaskSource<TResult>.GetResult(Int16 token)
   at Npgsql.NpgsqlDataReader.NextResult(Boolean async, Boolean isConsuming, CancellationToken cancellationToken)
   at Npgsql.NpgsqlDataReader.NextResult(Boolean async, Boolean isConsuming, CancellationToken cancellationToken)
   at Npgsql.NpgsqlCommand.ExecuteReader(Boolean async, CommandBehavior behavior, CancellationToken cancellationToken)
   at Npgsql.NpgsqlCommand.ExecuteReader(Boolean async, CommandBehavior behavior, CancellationToken cancellationToken)
   at Npgsql.NpgsqlCommand.ExecuteNonQuery(Boolean async, CancellationToken cancellationToken)
   at Microsoft.EntityFrameworkCore.Storage.RelationalCommand.ExecuteNonQueryAsync(RelationalCommandParameterObject parameterObject, CancellationToken cancellationToken)
   at Microsoft.EntityFrameworkCore.Storage.RelationalCommand.ExecuteNonQueryAsync(RelationalCommandParameterObject parameterObject, CancellationToken cancellationToken)
   at Microsoft.EntityFrameworkCore.Storage.RelationalCommand.ExecuteNonQueryAsync(RelationalCommandParameterObject parameterObject, CancellationToken cancellationToken)
   at Microsoft.EntityFrameworkCore.RelationalDatabaseFacadeExtensions.ExecuteSqlRawAsync(DatabaseFacade databaseFacade, String sql, IEnumerable`1 parameters, CancellationToken cancellationToken)
   at TripService.IntegrationTests.TripCancellationTests.InitializeAsync() in C:\Users\tophu\source\repos\uit-go\TripService\TripService.IntegrationTests\TripCancellationTests.cs:line 28
  Failed TripService.IntegrationTests.TripCancellationTests.CancelTrip_ByOwner_ShouldSucceed [1 ms]
  Error Message:
   Npgsql.PostgresException : 42P01: relation "trips" does not exist

POSITION: 13
  Stack Trace:
     at Npgsql.Internal.NpgsqlConnector.ReadMessageLong(Boolean async, DataRowLoadingMode dataRowLoadingMode, Boolean readingNotifications, Boolean isReadingPrependedMessage)
   at System.Runtime.CompilerServices.PoolingAsyncValueTaskMethodBuilder`1.StateMachineBox`1.System.Threading.Tasks.Sources.IValueTaskSource<TResult>.GetResult(Int16 token)
   at Npgsql.NpgsqlDataReader.NextResult(Boolean async, Boolean isConsuming, CancellationToken cancellationToken)
   at Npgsql.NpgsqlDataReader.NextResult(Boolean async, Boolean isConsuming, CancellationToken cancellationToken)
   at Npgsql.NpgsqlCommand.ExecuteReader(Boolean async, CommandBehavior behavior, CancellationToken cancellationToken)
   at Npgsql.NpgsqlCommand.ExecuteReader(Boolean async, CommandBehavior behavior, CancellationToken cancellationToken)
   at Npgsql.NpgsqlCommand.ExecuteNonQuery(Boolean async, CancellationToken cancellationToken)
   at Microsoft.EntityFrameworkCore.Storage.RelationalCommand.ExecuteNonQueryAsync(RelationalCommandParameterObject parameterObject, CancellationToken cancellationToken)
   at Microsoft.EntityFrameworkCore.Storage.RelationalCommand.ExecuteNonQueryAsync(RelationalCommandParameterObject parameterObject, CancellationToken cancellationToken)
   at Microsoft.EntityFrameworkCore.Storage.RelationalCommand.ExecuteNonQueryAsync(RelationalCommandParameterObject parameterObject, CancellationToken cancellationToken)
   at Microsoft.EntityFrameworkCore.RelationalDatabaseFacadeExtensions.ExecuteSqlRawAsync(DatabaseFacade databaseFacade, String sql, IEnumerable`1 parameters, CancellationToken cancellationToken)
   at TripService.IntegrationTests.TripCancellationTests.InitializeAsync() in C:\Users\tophu\source\repos\uit-go\TripService\TripService.IntegrationTests\TripCancellationTests.cs:line 28
info: Microsoft.Hosting.Lifetime[0]
      Application is shutting down...
[xUnit.net 00:00:35.30]   Finished:    TripService.IntegrationTests

Test Run Failed.
Total tests: 13
     Failed: 13
 Total time: 35.8039 Seconds
